Archive member included to satisfy reference by file (symbol)

C:\devkitPro\libctru/lib\libctru.a(linear.o)
                              BCSTM.o (linearAlloc)
C:\devkitPro\libctru/lib\libctru.a(mem_pool.o)
                              C:\devkitPro\libctru/lib\libctru.a(linear.o) (MemPool::Allocate(MemChunk&, unsigned long, int))
C:\devkitPro\libctru/lib\libctru.a(console.o)
                              main.o (consoleInit)
C:\devkitPro\libctru/lib\libctru.a(gfx.o)
                              C:\devkitPro\libctru/lib\libctru.a(console.o) (gfxIsWide)
C:\devkitPro\libctru/lib\libctru.a(ndsp.o)
                              main.o (ndspInit)
C:\devkitPro\libctru/lib\libctru.a(ndsp-channel.o)
                              BCSTM.o (ndspChnSetFormat)
C:\devkitPro\libctru/lib\libctru.a(cfgu.o)
                              C:\devkitPro\libctru/lib\libctru.a(ndsp.o) (cfguInit)
C:\devkitPro\libctru/lib\libctru.a(dsp.o)
                              C:\devkitPro\libctru/lib\libctru.a(ndsp.o) (dspInit)
C:\devkitPro\libctru/lib\libctru.a(gspgpu.o)
                              C:\devkitPro\libctru/lib\libctru.a(gfx.o) (gspInit)
C:\devkitPro\libctru/lib\libctru.a(apt.o)
                              main.o (aptExit)
C:\devkitPro\libctru/lib\libctru.a(hid.o)
                              main.o (hidScanInput)
C:\devkitPro\libctru/lib\libctru.a(fs.o)
                              C:\devkitPro\libctru/lib\libctru.a(ndsp.o) (FSUSER_OpenFileDirectly)
C:\devkitPro\libctru/lib\libctru.a(rbtree_init.o)
                              C:\devkitPro\libctru/lib\libctru.a(linear.o) (rbtree_init)
C:\devkitPro\libctru/lib\libctru.a(rbtree_insert.o)
                              C:\devkitPro\libctru/lib\libctru.a(linear.o) (rbtree_insert)
C:\devkitPro\libctru/lib\libctru.a(rbtree_rotate.o)
                              C:\devkitPro\libctru/lib\libctru.a(rbtree_insert.o) (rbtree_rotate)
C:\devkitPro\libctru/lib\libctru.a(rbtree_remove.o)
                              C:\devkitPro\libctru/lib\libctru.a(linear.o) (rbtree_remove)
C:\devkitPro\libctru/lib\libctru.a(rbtree_find.o)
                              C:\devkitPro\libctru/lib\libctru.a(linear.o) (rbtree_find)
C:\devkitPro\libctru/lib\libctru.a(allocateHeaps.o)
                              C:\devkitPro\libctru/lib\libctru.a(linear.o) (__ctru_linear_heap_size)
C:\devkitPro\libctru/lib\libctru.a(ctru_init.o)
                              C:\devkitPro\libctru/lib\libctru.a(apt.o) (__system_retAddr)
C:\devkitPro\libctru/lib\libctru.a(initArgv.o)
                              C:\devkitPro\libctru/lib\libctru.a(ctru_init.o) (__system_initArgv)
C:\devkitPro\libctru/lib\libctru.a(svc.o)
                              C:\devkitPro\libctru/lib\libctru.a(allocateHeaps.o) (svcControlMemory)
C:\devkitPro\libctru/lib\libctru.a(stack_adjust.o)
                              c:/devkitpro/devkitarm/bin/../lib/gcc/arm-none-eabi/10.2.0/../../../../arm-none-eabi/lib/armv6k/fpu/3dsx_crt0.o (initSystem)
C:\devkitPro\libctru/lib\libctru.a(default_font.bin.o)
                              C:\devkitPro\libctru/lib\libctru.a(console.o) (default_font_bin)
C:\devkitPro\libctru/lib\libctru.a(vram.o)
                              C:\devkitPro\libctru/lib\libctru.a(gfx.o) (vramAlloc)
C:\devkitPro\libctru/lib\libctru.a(synchronization.o)
                              C:\devkitPro\libctru/lib\libctru.a(ctru_init.o) (__sync_init)
C:\devkitPro\libctru/lib\libctru.a(env.o)
                              C:\devkitPro\libctru/lib\libctru.a(ndsp.o) (envGetHandle)
C:\devkitPro\libctru/lib\libctru.a(os.o)
                              C:\devkitPro\libctru/lib\libctru.a(ndsp-channel.o) (osConvertVirtToPhys)
C:\devkitPro\libctru/lib\libctru.a(srv.o)
                              C:\devkitPro\libctru/lib\libctru.a(apt.o) (srvInit)
C:\devkitPro\libctru/lib\libctru.a(thread.o)
                              C:\devkitPro\libctru/lib\libctru.a(ndsp.o) (threadCreate)
C:\devkitPro\libctru/lib\libctru.a(mappable.o)
                              C:\devkitPro\libctru/lib\libctru.a(allocateHeaps.o) (mappableInit)
C:\devkitPro\libctru/lib\libctru.a(irrst.o)
                              C:\devkitPro\libctru/lib\libctru.a(hid.o) (irrstInit)
C:\devkitPro\libctru/lib\libctru.a(srvpm.o)
                              C:\devkitPro\libctru/lib\libctru.a(srv.o) (srvPmGetSessionHandle)
C:\devkitPro\libctru/lib\libctru.a(ptmsysm.o)
                              C:\devkitPro\libctru/lib\libctru.a(os.o) (ptmSysmInit)
C:\devkitPro\libctru/lib\libctru.a(rbtree_iterator.o)
                              C:\devkitPro\libctru/lib\libctru.a(rbtree_remove.o) (rbtree_node_next)
C:\devkitPro\libctru/lib\libctru.a(appInit.o)
                              C:\devkitPro\libctru/lib\libctru.a(stack_adjust.o) (__appInit)
C:\devkitPro\libctru/lib\libctru.a(syscalls.o)
                              C:\devkitPro\libctru/lib\libctru.a(ctru_init.o) (__system_initSyscalls)
C:\devkitPro\libctru/lib\libctru.a(appExit.o)
[...]
Memory Configuration

Name             Origin             Length             Attributes
*default*        0x0000000000000000 0xffffffffffffffff

Linker script and memory map

                0x0000000000100000                PROVIDE (__start__ = 0x100000)
                0x0000000000100000                . = __start__

.text           0x0000000000100000    0x250cc
 *(.crt0)
 .crt0          0x0000000000100000       0x94 c:/devkitpro/devkitarm/bin/../lib/gcc/arm-none-eabi/10.2.0/../../../../arm-none-eabi/lib/armv6k/fpu/3dsx_crt0.o
                0x0000000000100000                _start
                0x0000000000100008                __service_ptr
                0x000000000010000c                __apt_appid
                0x0000000000100010                __heap_size
                0x0000000000100014                __linear_heap_size
                0x0000000000100018                __system_arglist
                0x000000000010001c                __system_runflags
 *(.init)
 .init          0x0000000000100094        0xc c:/devkitpro/devkitarm/bin/../lib/gcc/arm-none-eabi/10.2.0/armv6k/fpu/crti.o
                0x0000000000100094                _init
 .init          0x00000000001000a0        0xc c:/devkitpro/devkitarm/bin/../lib/gcc/arm-none-eabi/10.2.0/armv6k/fpu/crtn.o
                0x00000000001000ac                . = ALIGN (0x4)
 *(.text)
 *fill*         0x00000000001000ac        0x4 
 .text          0x00000000001000b0      0xed4 BCSTM.o
                0x00000000001000b0                BCSTM::BCSTM()
                0x00000000001000b0                BCSTM::BCSTM()
                0x00000000001002c0                BCSTM::~BCSTM()
                0x00000000001002c0                BCSTM::~BCSTM()
                0x000000000010035c                BCSTM::openFromFile(std::__cxx11::basic_string<char, std::char_traits<char>, std::allocator<char> >)
                0x00000000001008b8                BCSTM::pause()
                0x0000000000100910                BCSTM::stop()
                0x0000000000100970                BCSTM::read32()
                0x00000000001009a8                BCSTM::read16()
                0x00000000001009e4                BCSTM::read8()
                0x0000000000100a10                BCSTM::fillBuffers()
                0x0000000000100bc8                BCSTM::streamData()
                0x0000000000100c2c                BCSTM::tick()
                0x0000000000100c90                BCSTM::fileAdvance(unsigned long long)
                0x0000000000100cd8                BCSTM::play()
 .text          0x0000000000100f84      0x20c c:/devkitpro/devkitarm/bin/../lib/gcc/arm-none-eabi/10.2.0/armv6k/fpu\libgcc.a(_udivsi3.o)
                0x0000000000100f84                __aeabi_uidiv
                0x0000000000100f84                __udivsi3
                0x0000000000101170                __aeabi_uidivmod
 .text          0x0000000000101190      0x240 c:/devkitpro/devkitarm/bin/../lib/gcc/arm-none-eabi/10.2.0/armv6k/fpu\libgcc.a(_divsi3.o)
                0x0000000000101190                __divsi3
                0x0000000000101190                __aeabi_idiv
                0x00000000001013b0                __aeabi_idivmod
 .text          0x00000000001013d0        0x4 c:/devkitpro/devkitarm/bin/../lib/gcc/arm-none-eabi/10.2.0/armv6k/fpu\libgcc.a(_dvmd_tls.o)
                0x00000000001013d0                __aeabi_idiv0
                0x00000000001013d0                __aeabi_ldiv0
 .text          0x00000000001013d4       0xd4 c:/devkitpro/devkitarm/bin/../lib/gcc/arm-none-eabi/10.2.0/armv6k/fpu\libgcc.a(_aeabi_ldivmod.o)
                0x00000000001013d4                __aeabi_ldivmod
 .text          0x00000000001014a8       0x3c c:/devkitpro/devkitarm/bin/../lib/gcc/arm-none-eabi/10.2.0/armv6k/fpu\libgcc.a(_aeabi_uldivmod.o)
                0x00000000001014a8                __aeabi_uldivmod
 .text          0x00000000001014e4      0x1a8 c:/devkitpro/devkitarm/bin/../lib/gcc/arm-none-eabi/10.2.0/armv6k/fpu\libgcc.a(libunwind.o)
                0x00000000001014e4                __restore_core_regs
                0x00000000001014e4                restore_core_regs
                0x00000000001014f8                __gnu_Unwind_Restore_VFP
                0x0000000000101500                __gnu_Unwind_Save_VFP
                0x0000000000101508                __gnu_Unwind_Restore_VFP_D
                0x0000000000101510                __gnu_Unwind_Save_VFP_D
                0x0000000000101518                __gnu_Unwind_Restore_VFP_D_16_to_31
                0x0000000000101520                __gnu_Unwind_Save_VFP_D_16_to_31
                0x0000000000101528                __gnu_Unwind_Restore_WMMXD
                0x000000000010156c                __gnu_Unwind_Save_WMMXD
                0x00000000001015b0                __gnu_Unwind_Restore_WMMXC
                0x00000000001015c4                __gnu_Unwind_Save_WMMXC
                0x00000000001015d8                ___Unwind_RaiseException
                0x00000000001015d8                _Unwind_RaiseException
                0x00000000001015fc                _Unwind_Resume
                0x00000000001015fc                ___Unwind_Resume
                0x0000000000101620                _Unwind_Resume_or_Rethrow
                0x0000000000101620                ___Unwind_Resume_or_Rethrow
                0x0000000000101644                _Unwind_ForcedUnwind
                0x0000000000101644                ___Unwind_ForcedUnwind
                0x0000000000101668                ___Unwind_Backtrace
                0x0000000000101668                _Unwind_Backtrace
 *fill*         0x000000000010168c       0x14 
 .text          0x00000000001016a0      0x390 c:/devkitpro/devkitarm/bin/../lib/gcc/arm-none-eabi/10.2.0/../../../../arm-none-eabi/lib/armv6k/fpu\libg.a(lib_a-strcmp.o)
                0x00000000001016a8                strcmp
 .text          0x0000000000101a30      0x3c0 c:/devkitpro/devkitarm/bin/../lib/gcc/arm-none-eabi/10.2.0/armv6k/fpu\libgcc.a(_arm_addsubdf3.o)
                0x0000000000101a30                __aeabi_drsub
                0x0000000000101a38                __aeabi_dsub
                0x0000000000101a38                __subdf3
                0x0000000000101a3c                __aeabi_dadd
                0x0000000000101a3c                __adddf3
                0x0000000000101ce8                __floatunsidf
                0x0000000000101ce8                __aeabi_ui2d
                0x0000000000101d0c                __floatsidf
                0x0000000000101d0c                __aeabi_i2d
                0x0000000000101d34                __aeabi_f2d
                0x0000000000101d34                __extendsfdf2
                0x0000000000101d7c                __floatundidf
                0x0000000000101d7c                __aeabi_ul2d
                0x0000000000101d90                __floatdidf
                0x0000000000101d90                __aeabi_l2d
 *(.text.*)
 .text.__do_global_dtors_aux
                0x0000000000101df0       0x40 c:/devkitpro/devkitarm/bin/../lib/gcc/arm-none-eabi/10.2.0/armv6k/fpu/crtbegin.o
 .text.frame_dummy
                0x0000000000101e30       0x2c c:/devkitpro/devkitarm/bin/../lib/gcc/arm-none-eabi/10.2.0/armv6k/fpu/crtbegin.o
 .text.startup  0x0000000000101e5c      0x1f4 main.o
                0x0000000000101e5c                main
 .text._ZNSt6vectorIh15LinearAllocatorIhEE17_M_default_appendEj
                0x0000000000102050      0x188 BCSTM.o
                0x0000000000102050                std::vector<unsigned char, LinearAllocator<unsigned char> >::_M_default_append(unsigned int)
 .text._ZL21addrMapNodeComparatorPK11rbtree_nodeS1_
                0x00000000001021d8       0x24 C:\devkitPro\libctru/lib\libctru.a(linear.o)
 .text._ZL21addrMapNodeDestructorP11rbtree_node
                0x00000000001021fc        0x4 C:\devkitPro\libctru/lib\libctru.a(linear.o)
 .text.linearMemAlign
                0x0000000000102200      0x120 C:\devkitPro\libctru/lib\libctru.a(linear.o)
                0x0000000000102200                linearMemAlign
 .text.linearAlloc
                0x0000000000102320        0x8 C:\devkitPro\libctru/lib\libctru.a(linear.o)
                0x0000000000102320                linearAlloc
 .text.linearFree
                0x0000000000102328       0x5c C:\devkitPro\libctru/lib\libctru.a(linear.o)
                0x0000000000102328                linearFree
 .text._ZN7MemPool13CoalesceRightEP8MemBlock
                0x0000000000102384       0x84 C:\devkitPro\libctru/lib\libctru.a(mem_pool.o)
                0x0000000000102384                MemPool::CoalesceRight(MemBlock*)
 .text._ZN7MemPool8AllocateER8MemChunkmi
                0x0000000000102408      0x170 C:\devkitPro\libctru/lib\libctru.a(mem_pool.o)
                0x0000000000102408                MemPool::Allocate(MemChunk&, unsigned long, int)
 .text._ZN7MemPool10DeallocateERK8MemChunk
                0x0000000000102578       0xfc C:\devkitPro\libctru/lib\libctru.a(mem_pool.o)
                0x0000000000102578                MemPool::Deallocate(MemChunk const&)
 .text.consoleDrawChar
                0x0000000000102674      0x178 C:\devkitPro\libctru/lib\libctru.a(console.o)
                0x0000000000102674                consoleDrawChar
 .text.consolePrintChar
                0x00000000001027ec      0x124 C:\devkitPro\libctru/lib\libctru.a(console.o)
                0x00000000001027ec                consolePrintChar
 .text.con_write
                0x0000000000102910      0xa00 C:\devkitPro\libctru/lib\libctru.a(console.o)
                0x0000000000102910                con_write
 .text.consoleInit
                0x0000000000103310      0x168 C:\devkitPro\libctru/lib\libctru.a(console.o)
                0x0000000000103310                consoleInit
 .text.newRow   0x0000000000103478       0xf4 C:\devkitPro\libctru/lib\libctru.a(console.o)
 .text.gfxPresentFramebuffer
                0x000000000010356c       0xd0 C:\devkitPro\libctru/lib\libctru.a(gfx.o)
 .text.gfxIsWide
                0x000000000010363c       0x1c C:\devkitPro\libctru/lib\libctru.a(gfx.o)
                0x000000000010363c                gfxIsWide
 .text.gfxSetScreenFormat
                0x0000000000103658       0xec C:\devkitPro\libctru/lib\libctru.a(gfx.o)
                0x0000000000103658                gfxSetScreenFormat
 .text.gfxSetDoubleBuffering
                0x0000000000103744       0x10 C:\devkitPro\libctru/lib\libctru.a(gfx.o)
                0x0000000000103744                gfxSetDoubleBuffering
 .text.gfxInit  0x0000000000103754      0x108 C:\devkitPro\libctru/lib\libctru.a(gfx.o)
                0x0000000000103754                gfxInit
 .text.gfxInitDefault
                0x000000000010385c       0x10 C:\devkitPro\libctru/lib\libctru.a(gfx.o)
                0x000000000010385c                gfxInitDefault
 .text.gfxExit  0x000000000010386c       0xb4 C:\devkitPro\libctru/lib\libctru.a(gfx.o)
                0x000000000010386c                gfxExit
 .text.gfxGetFramebuffer
                0x0000000000103920       0xa0 C:\devkitPro\libctru/lib\libctru.a(gfx.o)
                0x0000000000103920                gfxGetFramebuffer
 .text.gfxFlushBuffers
                0x00000000001039c0      0x10c C:\devkitPro\libctru/lib\libctru.a(gfx.o)
                0x00000000001039c0                gfxFlushBuffers
 .text.gfxSwapBuffersGpu
                0x0000000000103acc       0x50 C:\devkitPro\libctru/lib\libctru.a(gfx.o)
                0x0000000000103acc                gfxSwapBuffersGpu
 .text.ndspUpdateMaster
                0x0000000000103b1c      0x158 C:\devkitPro\libctru/lib\libctru.a(ndsp.o)
 *fill*         0x0000000000103c74        0x4 
 .text.ndspFinalize
                0x0000000000103c78      0x110 C:\devkitPro\libctru/lib\libctru.a(ndsp.o)
 .text.ndspThreadMain
                0x0000000000103d88      0x318 C:\devkitPro\libctru/lib\libctru.a(ndsp.o)
 .text.ndspInitialize.part.0
                0x00000000001040a0      0x24c C:\devkitPro\libctru/lib\libctru.a(ndsp.o)
 .text.ndspHookCallback
                0x00000000001042ec       0xfc C:\devkitPro\libctru/lib\libctru.a(ndsp.o)
 .text.ndspInit
                0x00000000001043e8      0x3dc C:\devkitPro\libctru/lib\libctru.a(ndsp.o)
                0x00000000001043e8                ndspInit
 .text.ndspExit
                0x00000000001047c4       0xcc C:\devkitPro\libctru/lib\libctru.a(ndsp.o)
                0x00000000001047c4                ndspExit
 .text.ndspChnReset
                0x0000000000104890       0xc8 C:\devkitPro\libctru/lib\libctru.a(ndsp-channel.o)
                0x0000000000104890                ndspChnReset
 .text.ndspChnSetFormat
                0x0000000000104958       0x18 C:\devkitPro\libctru/lib\libctru.a(ndsp-channel.o)
                0x0000000000104958                ndspChnSetFormat
 .text.ndspChnSetPaused
                0x0000000000104970       0x50 C:\devkitPro\libctru/lib\libctru.a(ndsp-channel.o)
                0x0000000000104970                ndspChnSetPaused
 .text.ndspChnSetRate
                0x00000000001049c0       0x64 C:\devkitPro\libctru/lib\libctru.a(ndsp-channel.o)
                0x00000000001049c0                ndspChnSetRate
 .text.ndspChnSetMix
                0x0000000000104a24       0x88 C:\devkitPro\libctru/lib\libctru.a(ndsp-channel.o)
                0x0000000000104a24                ndspChnSetMix
 .text.ndspChnSetAdpcmCoefs
                0x0000000000104aac       0x70 C:\devkitPro\libctru/lib\libctru.a(ndsp-channel.o)
                0x0000000000104aac                ndspChnSetAdpcmCoefs
 .text.ndspChnWaveBufClear
                0x0000000000104b1c       0xa8 C:\devkitPro\libctru/lib\libctru.a(ndsp-channel.o)
                0x0000000000104b1c                ndspChnWaveBufClear
 .text.ndspChnWaveBufAdd
                0x0000000000104bc4       0xb8 C:\devkitPro\libctru/lib\libctru.a(ndsp-channel.o)
                0x0000000000104bc4                ndspChnWaveBufAdd
 .text.ndspiInitChn
                0x0000000000104c7c       0x40 C:\devkitPro\libctru/lib\libctru.a(ndsp-channel.o)
                0x0000000000104c7c                ndspiInitChn
 .text.ndspiDirtyChn
                0x0000000000104cbc       0x2c C:\devkitPro\libctru/lib\libctru.a(ndsp-channel.o)
                0x0000000000104cbc                ndspiDirtyChn
 .text.ndspiUpdateChn
                0x0000000000104ce8      0x480 C:\devkitPro\libctru/lib\libctru.a(ndsp-channel.o)
                0x0000000000104ce8                ndspiUpdateChn
 .text.ndspiReadChnState
                0x0000000000105168      0x180 C:\devkitPro\libctru/lib\libctru.a(ndsp-channel.o)
                0x0000000000105168                ndspiReadChnState
 .text.cfguInit
                0x00000000001052e8       0xa4 C:\devkitPro\libctru/lib\libctru.a(cfgu.o)
                0x00000000001052e8                cfguInit
 .text.cfguExit
                0x000000000010538c       0x3c C:\devkitPro\libctru/lib\libctru.a(cfgu.o)
                0x000000000010538c                cfguExit
 .text.CFGU_GetConfigInfoBlk2
                0x00000000001053c8       0x4c C:\devkitPro\libctru/lib\libctru.a(cfgu.o)
                0x00000000001053c8                CFGU_GetConfigInfoBlk2
 .text.DSP_LoadComponent.part.0
                0x0000000000105414       0xa4 C:\devkitPro\libctru/lib\libctru.a(dsp.o)
 .text.dspInit  0x00000000001054b8       0xdc C:\devkitPro\libctru/lib\libctru.a(dsp.o)
                0x00000000001054b8                dspInit
 .text.dspExit  0x0000000000105594       0x78 C:\devkitPro\libctru/lib\libctru.a(dsp.o)
                0x0000000000105594                dspExit
 .text.dspHook  0x000000000010560c       0x24 C:\devkitPro\libctru/lib\libctru.a(dsp.o)
                0x000000000010560c                dspHook
 .text.dspUnhook
                0x0000000000105630       0x30 C:\devkitPro\libctru/lib\libctru.a(dsp.o)
                0x0000000000105630                dspUnhook
 .text.aptDspSleep
                0x0000000000105660       0xac C:\devkitPro\libctru/lib\libctru.a(dsp.o)
                0x0000000000105660                aptDspSleep
 .text.aptDspWakeup
                0x000000000010570c       0xb4 C:\devkitPro\libctru/lib\libctru.a(dsp.o)
                0x000000000010570c                aptDspWakeup
 .text.aptDspCancel
                0x00000000001057c0       0x44 C:\devkitPro\libctru/lib\libctru.a(dsp.o)
                0x00000000001057c0                aptDspCancel
 .text.DSP_FlushDataCache
                0x0000000000105804       0x50 C:\devkitPro\libctru/lib\libctru.a(dsp.o)
                0x0000000000105804                DSP_FlushDataCache
 .text.DSP_SetSemaphore
                0x0000000000105854       0x34 C:\devkitPro\libctru/lib\libctru.a(dsp.o)
                0x0000000000105854                DSP_SetSemaphore
 .text.DSP_SetSemaphoreMask
                0x0000000000105888       0x34 C:\devkitPro\libctru/lib\libctru.a(dsp.o)
                0x0000000000105888                DSP_SetSemaphoreMask
 .text.DSP_GetSemaphoreHandle
                0x00000000001058bc       0x38 C:\devkitPro\libctru/lib\libctru.a(dsp.o)
                0x00000000001058bc                DSP_GetSemaphoreHandle
 .text.DSP_LoadComponent
                0x00000000001058f4       0x3c C:\devkitPro\libctru/lib\libctru.a(dsp.o)
                0x00000000001058f4                DSP_LoadComponent
 .text.DSP_RegisterInterruptEvents
                0x0000000000105930       0x44 C:\devkitPro\libctru/lib\libctru.a(dsp.o)
                0x0000000000105930                DSP_RegisterInterruptEvents
 .text.DSP_ReadPipeIfPossible
                0x0000000000105974       0x74 C:\devkitPro\libctru/lib\libctru.a(dsp.o)
                0x0000000000105974                DSP_ReadPipeIfPossible
 .text.DSP_WriteProcessPipe
                0x00000000001059e8       0x4c C:\devkitPro\libctru/lib\libctru.a(dsp.o)
                0x00000000001059e8                DSP_WriteProcessPipe
 .text.DSP_ConvertProcessAddressFromDspDram
                0x0000000000105a34       0x40 C:\devkitPro\libctru/lib\libctru.a(dsp.o)
                0x0000000000105a34                DSP_ConvertProcessAddressFromDspDram
 .text.DSP_RecvData
                0x0000000000105a74       0x40 C:\devkitPro\libctru/lib\libctru.a(dsp.o)
                0x0000000000105a74                DSP_RecvData
 .text.DSP_RecvDataIsReady
                0x0000000000105ab4       0x4c C:\devkitPro\libctru/lib\libctru.a(dsp.o)
                0x0000000000105ab4                DSP_RecvDataIsReady
 .text.gspHardwareInit
                0x0000000000105b00      0xc58 C:\devkitPro\libctru/lib\libctru.a(gspgpu.o)
 .text.gspInit  0x0000000000106758      0x254 C:\devkitPro\libctru/lib\libctru.a(gspgpu.o)
                0x0000000000106758                gspInit
 .text.gspExit  0x00000000001069ac       0xf0 C:\devkitPro\libctru/lib\libctru.a(gspgpu.o)
                0x00000000001069ac                gspExit
 .text.gspHasGpuRight
                0x0000000000106a9c       0x10 C:\devkitPro\libctru/lib\libctru.a(gspgpu.o)
                0x0000000000106a9c                gspHasGpuRight
 .text.gspPresentBuffer
                0x0000000000106aac       0x98 C:\devkitPro\libctru/lib\libctru.a(gspgpu.o)
                0x0000000000106aac                gspPresentBuffer
 .text.gspWaitForEvent
                0x0000000000106b44       0x50 C:\devkitPro\libctru/lib\libctru.a(gspgpu.o)
                0x0000000000106b44                gspWaitForEvent
 .text.gxCmdQueueInterrupt
                0x0000000000106b94        0x4 C:\devkitPro\libctru/lib\libctru.a(gspgpu.o)
                0x0000000000106b94                gxCmdQueueInterrupt
 .text.gspEventThreadMain
                0x0000000000106b98      0x160 C:\devkitPro\libctru/lib\libctru.a(gspgpu.o)
 .text.GSPGPU_FlushDataCache
                0x0000000000106cf8       0x50 C:\devkitPro\libctru/lib\libctru.a(gspgpu.o)
                0x0000000000106cf8                GSPGPU_FlushDataCache
 .text.GSPGPU_SetLcdForceBlack
                0x0000000000106d48       0x34 C:\devkitPro\libctru/lib\libctru.a(gspgpu.o)
                0x0000000000106d48                GSPGPU_SetLcdForceBlack
 .text.GSPGPU_AcquireRight
                0x0000000000106d7c       0x68 C:\devkitPro\libctru/lib\libctru.a(gspgpu.o)
                0x0000000000106d7c                GSPGPU_AcquireRight
 .text.GSPGPU_ReleaseRight
                0x0000000000106de4       0x48 C:\devkitPro\libctru/lib\libctru.a(gspgpu.o)
                0x0000000000106de4                GSPGPU_ReleaseRight
 .text.GSPGPU_ImportDisplayCaptureInfo
                0x0000000000106e2c       0x7c C:\devkitPro\libctru/lib\libctru.a(gspgpu.o)
                0x0000000000106e2c                GSPGPU_ImportDisplayCaptureInfo
 .text.GSPGPU_SaveVramSysArea
                0x0000000000106ea8       0x2c C:\devkitPro\libctru/lib\libctru.a(gspgpu.o)
                0x0000000000106ea8                GSPGPU_SaveVramSysArea
 .text.GSPGPU_RestoreVramSysArea
                0x0000000000106ed4       0x2c C:\devkitPro\libctru/lib\libctru.a(gspgpu.o)
                0x0000000000106ed4                GSPGPU_RestoreVramSysArea
 .text.aptConvertScreenForCapture
                0x0000000000106f00      0x1b0 C:\devkitPro\libctru/lib\libctru.a(apt.o)
 .text.aptSendCommand
                0x00000000001070b0      0x15c C:\devkitPro\libctru/lib\libctru.a(apt.o)
                0x00000000001070b0                aptSendCommand
 .text.aptExitProcess
                0x000000000010720c       0x38 C:\devkitPro\libctru/lib\libctru.a(apt.o)
 .text.aptExit  0x0000000000107244      0x2f0 C:\devkitPro\libctru/lib\libctru.a(apt.o)
                0x0000000000107244                aptExit
 .text.aptHandleSleep
                0x0000000000107534       0xd8 C:\devkitPro\libctru/lib\libctru.a(apt.o)
                0x0000000000107534                aptHandleSleep
 .text.APT_SleepIfShellClosed
                0x000000000010760c       0x84 C:\devkitPro\libctru/lib\libctru.a(apt.o)
                0x000000000010760c                APT_SleepIfShellClosed
 .text.aptSetSleepAllowed
                0x0000000000107690       0x84 C:\devkitPro\libctru/lib\libctru.a(apt.o)
                0x0000000000107690                aptSetSleepAllowed
 .text.APT_UnlockTransition
                0x0000000000107714       0x84 C:\devkitPro\libctru/lib\libctru.a(apt.o)
                0x0000000000107714                APT_UnlockTransition
 .text.aptEventHandler
                0x0000000000107798      0x484 C:\devkitPro\libctru/lib\libctru.a(apt.o)
 .text.APT_ReceiveParameter
                0x0000000000107c1c       0xb0 C:\devkitPro\libctru/lib\libctru.a(apt.o)
                0x0000000000107c1c                APT_ReceiveParameter
 .text.aptReceiveParameter.constprop.0
                0x0000000000107ccc       0xb0 C:\devkitPro\libctru/lib\libctru.a(apt.o)
 *fill*         0x0000000000107d7c        0x4 
 .text.aptScreenTransfer
                0x0000000000107d80      0x2bc C:\devkitPro\libctru/lib\libctru.a(apt.o)
 .text.aptWaitForWakeUp.isra.0
                0x000000000010803c      0x2d0 C:\devkitPro\libctru/lib\libctru.a(apt.o)
 .text.aptJumpToHomeMenu
                0x000000000010830c       0xf8 C:\devkitPro\libctru/lib\libctru.a(apt.o)
                0x000000000010830c                aptJumpToHomeMenu
 .text.aptMainLoop
                0x0000000000108404       0x4c C:\devkitPro\libctru/lib\libctru.a(apt.o)
                0x0000000000108404                aptMainLoop
 .text.aptInit  0x0000000000108450      0x234 C:\devkitPro\libctru/lib\libctru.a(apt.o)
                0x0000000000108450                aptInit
 .text.APT_CheckNew3DS
                0x0000000000108684       0x7c C:\devkitPro\libctru/lib\libctru.a(apt.o)
                0x0000000000108684                APT_CheckNew3DS
 .text.hidShouldUseIrrst
                0x0000000000108700       0x24 C:\devkitPro\libctru/lib\libctru.a(hid.o)
                0x0000000000108700                hidShouldUseIrrst
 .text.hidInit  0x0000000000108724      0x18c C:\devkitPro\libctru/lib\libctru.a(hid.o)
                0x0000000000108724                hidInit
 .text.hidExit  0x00000000001088b0       0xe8 C:\devkitPro\libctru/lib\libctru.a(hid.o)
                0x00000000001088b0                hidExit
 .text.hidScanInput
                0x0000000000108998      0x294 C:\devkitPro\libctru/lib\libctru.a(hid.o)
                0x0000000000108998                hidScanInput
 .text.hidKeysDown
                0x0000000000108c2c       0x10 C:\devkitPro\libctru/lib\libctru.a(hid.o)
                0x0000000000108c2c                hidKeysDown
 .text.fsInit   0x0000000000108c3c       0xc8 C:\devkitPro\libctru/lib\libctru.a(fs.o)
                0x0000000000108c3c                fsInit
 .text.fsExit   0x0000000000108d04       0x3c C:\devkitPro\libctru/lib\libctru.a(fs.o)
                0x0000000000108d04                fsExit
 .text.fsExemptFromSession
                0x0000000000108d40       0x60 C:\devkitPro\libctru/lib\libctru.a(fs.o)
                0x0000000000108d40                fsExemptFromSession
 .text.fsUnexemptFromSession
                0x0000000000108da0       0x50 C:\devkitPro\libctru/lib\libctru.a(fs.o)
                0x0000000000108da0                fsUnexemptFromSession
 .text.FSUSER_OpenFile
                0x0000000000108df0       0xcc C:\devkitPro\libctru/lib\libctru.a(fs.o)
                0x0000000000108df0                FSUSER_OpenFile
 .text.FSUSER_OpenFileDirectly
                0x0000000000108ebc       0xd4 C:\devkitPro\libctru/lib\libctru.a(fs.o)
                0x0000000000108ebc                FSUSER_OpenFileDirectly
 .text.FSUSER_DeleteFile
                0x0000000000108f90       0xbc C:\devkitPro\libctru/lib\libctru.a(fs.o)
                0x0000000000108f90                FSUSER_DeleteFile
 .text.FSUSER_RenameFile
                0x000000000010904c       0xf8 C:\devkitPro\libctru/lib\libctru.a(fs.o)
                0x000000000010904c                FSUSER_RenameFile
 .text.FSUSER_DeleteDirectory
                0x0000000000109144       0xbc C:\devkitPro\libctru/lib\libctru.a(fs.o)
                0x0000000000109144                FSUSER_DeleteDirectory
 .text.FSUSER_CreateFile
                0x0000000000109200       0xd4 C:\devkitPro\libctru/lib\libctru.a(fs.o)
                0x0000000000109200                FSUSER_CreateFile
 .text.FSUSER_CreateDirectory
                0x00000000001092d4       0xc4 C:\devkitPro\libctru/lib\libctru.a(fs.o)
                0x00000000001092d4                FSUSER_CreateDirectory
 .text.FSUSER_RenameDirectory
                0x0000000000109398       0xf8 C:\devkitPro\libctru/lib\libctru.a(fs.o)
                0x0000000000109398                FSUSER_RenameDirectory
 .text.FSUSER_OpenDirectory
                0x0000000000109490       0xb4 C:\devkitPro\libctru/lib\libctru.a(fs.o)
                0x0000000000109490                FSUSER_OpenDirectory
 .text.FSUSER_OpenArchive
                0x0000000000109544       0x94 C:\devkitPro\libctru/lib\libctru.a(fs.o)
                0x0000000000109544                FSUSER_OpenArchive
 .text.FSUSER_CloseArchive
                0x00000000001095d8       0x8c C:\devkitPro\libctru/lib\libctru.a(fs.o)
                0x00000000001095d8                FSUSER_CloseArchive
 .text.FSUSER_GetSdmcArchiveResource
                0x0000000000109664       0x74 C:\devkitPro\libctru/lib\libctru.a(fs.o)
                0x0000000000109664                FSUSER_GetSdmcArchiveResource
 .text.FSUSER_IsSdmcWritable
                0x00000000001096d8       0x64 C:\devkitPro\libctru/lib\libctru.a(fs.o)
                0x00000000001096d8                FSUSER_IsSdmcWritable
 .text.FSFILE_Read
                0x000000000010973c       0x58 C:\devkitPro\libctru/lib\libctru.a(fs.o)
                0x000000000010973c                FSFILE_Read
 .text.FSFILE_Write
                0x0000000000109794       0x60 C:\devkitPro\libctru/lib\libctru.a(fs.o)
                0x0000000000109794                FSFILE_Write
 .text.FSFILE_GetSize
                0x00000000001097f4       0x38 C:\devkitPro\libctru/lib\libctru.a(fs.o)
                0x00000000001097f4                FSFILE_GetSize
 .text.FSFILE_SetSize
                0x000000000010982c       0x28 C:\devkitPro\libctru/lib\libctru.a(fs.o)
                0x000000000010982c                FSFILE_SetSize
 .text.FSFILE_Close
                0x0000000000109854       0x3c C:\devkitPro\libctru/lib\libctru.a(fs.o)
                0x0000000000109854                FSFILE_Close
 .text.FSFILE_Flush
                0x0000000000109890       0x24 C:\devkitPro\libctru/lib\libctru.a(fs.o)
                0x0000000000109890                FSFILE_Flush
 .text.FSDIR_Read
                0x00000000001098b4       0x50 C:\devkitPro\libctru/lib\libctru.a(fs.o)
                0x00000000001098b4                FSDIR_Read
 .text.FSDIR_Close
                0x0000000000109904       0x3c C:\devkitPro\libctru/lib\libctru.a(fs.o)
                0x0000000000109904                FSDIR_Close
 .text.rbtree_init
                0x0000000000109940       0x10 C:\devkitPro\libctru/lib\libctru.a(rbtree_init.o)
                0x0000000000109940                rbtree_init
 .text.do_insert
                0x0000000000109950      0x1a0 C:\devkitPro\libctru/lib\libctru.a(rbtree_insert.o)
 .text.rbtree_insert
                0x0000000000109af0        0x8 C:\devkitPro\libctru/lib\libctru.a(rbtree_insert.o)
                0x0000000000109af0                rbtree_insert
 .text.rbtree_rotate
                0x0000000000109af8       0x90 C:\devkitPro\libctru/lib\libctru.a(rbtree_rotate.o)
                0x0000000000109af8                rbtree_rotate
 .text.rbtree_remove
                0x0000000000109b88      0x338 C:\devkitPro\libctru/lib\libctru.a(rbtree_remove.o)
                0x0000000000109b88                rbtree_remove
 .text.rbtree_find
                0x0000000000109ec0       0x74 C:\devkitPro\libctru/lib\libctru.a(rbtree_find.o)
                0x0000000000109ec0                rbtree_find
 *fill*         0x0000000000109f34        0x4 
 .text.__system_allocateHeaps
                0x0000000000109f38      0x1e0 C:\devkitPro\libctru/lib\libctru.a(allocateHeaps.o)
                0x0000000000109f38                __system_allocateHeaps
 .text.__libctru_init
                0x000000000010a118       0x38 C:\devkitPro\libctru/lib\libctru.a(ctru_init.o)
                0x000000000010a118                __libctru_init
 .text.__system_initArgv
                0x000000000010a150       0xf0 C:\devkitPro\libctru/lib\libctru.a(initArgv.o)
                0x000000000010a150                __system_initArgv
 .text.svcControlMemory
                0x000000000010a240       0x20 C:\devkitPro\libctru/lib\libctru.a(svc.o)
                0x000000000010a240                svcControlMemory
 .text.svcQueryMemory
                0x000000000010a260       0x30 C:\devkitPro\libctru/lib\libctru.a(svc.o)
                0x000000000010a260                svcQueryMemory
 .text.svcExitProcess
                0x000000000010a290        0x8 C:\devkitPro\libctru/lib\libctru.a(svc.o)
                0x000000000010a290                svcExitProcess
 .text.svcCreateThread
                0x000000000010a298       0x20 C:\devkitPro\libctru/lib\libctru.a(svc.o)
                0x000000000010a298                svcCreateThread
 .text.svcExitThread
                0x000000000010a2b8        0x8 C:\devkitPro\libctru/lib\libctru.a(svc.o)
                0x000000000010a2b8                svcExitThread
 .text.svcSleepThread
                0x000000000010a2c0        0x8 C:\devkitPro\libctru/lib\libctru.a(svc.o)
                0x000000000010a2c0                svcSleepThread
 .text.svcReleaseMutex
                0x000000000010a2c8        0x8 C:\devkitPro\libctru/lib\libctru.a(svc.o)
                0x000000000010a2c8                svcReleaseMutex
 .text.svcCreateEvent
                0x000000000010a2d0       0x14 C:\devkitPro\libctru/lib\libctru.a(svc.o)
                0x000000000010a2d0                svcCreateEvent
 .text.svcSignalEvent
                0x000000000010a2e4        0x8 C:\devkitPro\libctru/lib\libctru.a(svc.o)
                0x000000000010a2e4                svcSignalEvent
 .text.svcClearEvent
                0x000000000010a2ec        0x8 C:\devkitPro\libctru/lib\libctru.a(svc.o)
                0x000000000010a2ec                svcClearEvent
 .text.svcMapMemoryBlock
                0x000000000010a2f4        0x8 C:\devkitPro\libctru/lib\libctru.a(svc.o)
                0x000000000010a2f4                svcMapMemoryBlock
 .text.svcUnmapMemoryBlock
                0x000000000010a2fc        0x8 C:\devkitPro\libctru/lib\libctru.a(svc.o)
                0x000000000010a2fc                svcUnmapMemoryBlock
 .text.svcCreateAddressArbiter
                0x000000000010a304       0x14 C:\devkitPro\libctru/lib\libctru.a(svc.o)
                0x000000000010a304                svcCreateAddressArbiter
 .text.svcArbitrateAddressNoTimeout
                0x000000000010a318        0x8 C:\devkitPro\libctru/lib\libctru.a(svc.o)
                0x000000000010a318                svcArbitrateAddressNoTimeout
 .text.svcCloseHandle
                0x000000000010a320        0x8 C:\devkitPro\libctru/lib\libctru.a(svc.o)
                0x000000000010a320                svcCloseHandle
 .text.svcWaitSynchronization
                0x000000000010a328        0x8 C:\devkitPro\libctru/lib\libctru.a(svc.o)
                0x000000000010a328                svcWaitSynchronization
 .text.svcWaitSynchronizationN
                0x000000000010a330       0x28 C:\devkitPro\libctru/lib\libctru.a(svc.o)
                0x000000000010a330                svcWaitSynchronizationN
 .text.svcDuplicateHandle
                0x000000000010a358       0x14 C:\devkitPro\libctru/lib\libctru.a(svc.o)
                0x000000000010a358                svcDuplicateHandle
 .text.svcGetSystemTick
                0x000000000010a36c        0x8 C:\devkitPro\libctru/lib\libctru.a(svc.o)
                0x000000000010a36c                svcGetSystemTick
 .text.svcConnectToPort
                0x000000000010a374       0x14 C:\devkitPro\libctru/lib\libctru.a(svc.o)
                0x000000000010a374                svcConnectToPort
 .text.svcSendSyncRequest
                0x000000000010a388        0x8 C:\devkitPro\libctru/lib\libctru.a(svc.o)
                0x000000000010a388                svcSendSyncRequest
 .text.svcGetResourceLimit
                0x000000000010a390       0x14 C:\devkitPro\libctru/lib\libctru.a(svc.o)
                0x000000000010a390                svcGetResourceLimit
 .text.svcGetResourceLimitLimitValues
                0x000000000010a3a4        0x8 C:\devkitPro\libctru/lib\libctru.a(svc.o)
                0x000000000010a3a4                svcGetResourceLimitLimitValues
 .text.svcGetResourceLimitCurrentValues
                0x000000000010a3ac        0x8 C:\devkitPro\libctru/lib\libctru.a(svc.o)
                0x000000000010a3ac                svcGetResourceLimitCurrentValues
 .text.svcBreak
                0x000000000010a3b4        0x8 C:\devkitPro\libctru/lib\libctru.a(svc.o)
                0x000000000010a3b4                svcBreak
 .text.initSystem
                0x000000000010a3bc       0x50 C:\devkitPro\libctru/lib\libctru.a(stack_adjust.o)
                0x000000000010a3bc                initSystem
 .text.__ctru_exit
                0x000000000010a40c       0x18 C:\devkitPro\libctru/lib\libctru.a(stack_adjust.o)
                0x000000000010a40c                __ctru_exit
 .text._ZL21addrMapNodeComparatorPK11rbtree_nodeS1_
                0x000000000010a424       0x24 C:\devkitPro\libctru/lib\libctru.a(vram.o)
 .text._ZL21addrMapNodeDestructorP11rbtree_node
                0x000000000010a448        0x4 C:\devkitPro\libctru/lib\libctru.a(vram.o)
 .text.vramMemAlign
                0x000000000010a44c      0x114 C:\devkitPro\libctru/lib\libctru.a(vram.o)
                0x000000000010a44c                vramMemAlign
 .text.vramAlloc
                0x000000000010a560        0x8 C:\devkitPro\libctru/lib\libctru.a(vram.o)
                0x000000000010a560                vramAlloc
 .text.vramFree
                0x000000000010a568       0x5c C:\devkitPro\libctru/lib\libctru.a(vram.o)
                0x000000000010a568                vramFree
 .text.__sync_init
                0x000000000010a5c4        0xc C:\devkitPro\libctru/lib\libctru.a(synchronization.o)
                0x000000000010a5c4                __sync_init
 .text.__sync_fini
                0x000000000010a5d0       0x18 C:\devkitPro\libctru/lib\libctru.a(synchronization.o)
                0x000000000010a5d0                __sync_fini
 .text.syncArbitrateAddress
                0x000000000010a5e8       0x2c C:\devkitPro\libctru/lib\libctru.a(synchronization.o)
                0x000000000010a5e8                syncArbitrateAddress
 .text.LightLock_Init
                0x000000000010a614       0x1c C:\devkitPro\libctru/lib\libctru.a(synchronization.o)
                0x000000000010a614                LightLock_Init
 .text.LightLock_Lock
                0x000000000010a630       0x94 C:\devkitPro\libctru/lib\libctru.a(synchronization.o)
                0x000000000010a630                LightLock_Lock
 .text.LightLock_TryLock
                0x000000000010a6c4       0x44 C:\devkitPro\libctru/lib\libctru.a(synchronization.o)
                0x000000000010a6c4                LightLock_TryLock
 .text.LightLock_Unlock
                0x000000000010a708       0x40 C:\devkitPro\libctru/lib\libctru.a(synchronization.o)
                0x000000000010a708                LightLock_Unlock
 .text.RecursiveLock_Init
                0x000000000010a748       0x24 C:\devkitPro\libctru/lib\libctru.a(synchronization.o)
                0x000000000010a748                RecursiveLock_Init
 .text.RecursiveLock_Lock
                0x000000000010a76c       0x30 C:\devkitPro\libctru/lib\libctru.a(synchronization.o)
                0x000000000010a76c                RecursiveLock_Lock
 .text.RecursiveLock_TryLock
                0x000000000010a79c       0x78 C:\devkitPro\libctru/lib\libctru.a(synchronization.o)
                0x000000000010a79c                RecursiveLock_TryLock
 .text.RecursiveLock_Unlock
                0x000000000010a814       0x54 C:\devkitPro\libctru/lib\libctru.a(synchronization.o)
                0x000000000010a814                RecursiveLock_Unlock
 .text.LightEvent_Init
                0x000000000010a868       0x40 C:\devkitPro\libctru/lib\libctru.a(synchronization.o)
                0x000000000010a868                LightEvent_Init
 .text.LightEvent_Clear
                0x000000000010a8a8       0xa4 C:\devkitPro\libctru/lib\libctru.a(synchronization.o)
                0x000000000010a8a8                LightEvent_Clear
 .text.LightEvent_Signal
                0x000000000010a94c       0xc8 C:\devkitPro\libctru/lib\libctru.a(synchronization.o)
                0x000000000010a94c                LightEvent_Signal
 .text.LightEvent_TryWait
                0x000000000010aa14       0x58 C:\devkitPro\libctru/lib\libctru.a(synchronization.o)
                0x000000000010aa14                LightEvent_TryWait
 .text.LightEvent_Wait
                0x000000000010aa6c       0xb0 C:\devkitPro\libctru/lib\libctru.a(synchronization.o)
                0x000000000010aa6c                LightEvent_Wait
 .text.envGetHandle
                0x000000000010ab1c       0x84 C:\devkitPro\libctru/lib\libctru.a(env.o)
                0x000000000010ab1c                envGetHandle
 .text.envDestroyHandles
                0x000000000010aba0       0x50 C:\devkitPro\libctru/lib\libctru.a(env.o)
                0x000000000010aba0                envDestroyHandles
 .text.osConvertVirtToPhys
                0x000000000010abf0       0x74 C:\devkitPro\libctru/lib\libctru.a(os.o)
                0x000000000010abf0                osConvertVirtToPhys
 .text.osGetTimeRef
                0x000000000010ac64       0x54 C:\devkitPro\libctru/lib\libctru.a(os.o)
                0x000000000010ac64                osGetTimeRef
 .text.osGetTime
                0x000000000010acb8       0xe4 C:\devkitPro\libctru/lib\libctru.a(os.o)
                0x000000000010acb8                osGetTime
 .text.__libctru_gtod
                0x000000000010ad9c       0x74 C:\devkitPro\libctru/lib\libctru.a(os.o)
                0x000000000010ad9c                __libctru_gtod
 .text.__ctru_speedup_config
                0x000000000010ae10       0x34 C:\devkitPro\libctru/lib\libctru.a(os.o)
                0x000000000010ae10                __ctru_speedup_config
 .text.srvInit  0x000000000010ae44      0x124 C:\devkitPro\libctru/lib\libctru.a(srv.o)
                0x000000000010ae44                srvInit
 .text.srvExit  0x000000000010af68       0x58 C:\devkitPro\libctru/lib\libctru.a(srv.o)
                0x000000000010af68                srvExit
 .text.srvGetServiceHandleDirect
                0x000000000010afc0       0x80 C:\devkitPro\libctru/lib\libctru.a(srv.o)
                0x000000000010afc0                srvGetServiceHandleDirect
 .text.srvGetServiceHandle
                0x000000000010b040       0x48 C:\devkitPro\libctru/lib\libctru.a(srv.o)
                0x000000000010b040                srvGetServiceHandle
 .text.srvPublishToSubscriber
                0x000000000010b088       0x38 C:\devkitPro\libctru/lib\libctru.a(srv.o)
                0x000000000010b088                srvPublishToSubscriber
 .text.threadCreate
                0x000000000010b0c0      0x188 C:\devkitPro\libctru/lib\libctru.a(thread.o)
                0x000000000010b0c0                threadCreate
 .text.threadFree
                0x000000000010b248       0x2c C:\devkitPro\libctru/lib\libctru.a(thread.o)
                0x000000000010b248                threadFree
 .text.threadJoin
                0x000000000010b274       0x24 C:\devkitPro\libctru/lib\libctru.a(thread.o)
                0x000000000010b274                threadJoin
 .text.threadGetCurrent
                0x000000000010b298       0x30 C:\devkitPro\libctru/lib\libctru.a(thread.o)
                0x000000000010b298                threadGetCurrent
 .text.threadExit
                0x000000000010b2c8       0x40 C:\devkitPro\libctru/lib\libctru.a(thread.o)
                0x000000000010b2c8                threadExit
 .text._thread_begin
                0x000000000010b308       0x44 C:\devkitPro\libctru/lib\libctru.a(thread.o)
 .text.mappableFindAddressWithin
                0x000000000010b34c       0x94 C:\devkitPro\libctru/lib\libctru.a(mappable.o)
 .text.mappableInit
                0x000000000010b3e0       0x28 C:\devkitPro\libctru/lib\libctru.a(mappable.o)
                0x000000000010b3e0                mappableInit
 .text.mappableAlloc
                0x000000000010b408       0x80 C:\devkitPro\libctru/lib\libctru.a(mappable.o)
                0x000000000010b408                mappableAlloc
 .text.mappableFree
                0x000000000010b488        0x4 C:\devkitPro\libctru/lib\libctru.a(mappable.o)
                0x000000000010b488                mappableFree
 .text.irrstInit
                0x000000000010b48c      0x160 C:\devkitPro\libctru/lib\libctru.a(irrst.o)
                0x000000000010b48c                irrstInit
 .text.irrstExit
                0x000000000010b5ec       0xcc C:\devkitPro\libctru/lib\libctru.a(irrst.o)
                0x000000000010b5ec                irrstExit
 .text.irrstScanInput
                0x000000000010b6b8       0xb0 C:\devkitPro\libctru/lib\libctru.a(irrst.o)
                0x000000000010b6b8                irrstScanInput
 .text.irrstKeysHeld
                0x000000000010b768       0x24 C:\devkitPro\libctru/lib\libctru.a(irrst.o)
                0x000000000010b768                irrstKeysHeld
 .text.srvPmGetSessionHandle
                0x000000000010b78c        0xc C:\devkitPro\libctru/lib\libctru.a(srvpm.o)
                0x000000000010b78c                srvPmGetSessionHandle
 .text.ptmSysmInit
                0x000000000010b798       0x74 C:\devkitPro\libctru/lib\libctru.a(ptmsysm.o)
                0x000000000010b798                ptmSysmInit
 .text.ptmSysmExit
                0x000000000010b80c       0x3c C:\devkitPro\libctru/lib\libctru.a(ptmsysm.o)
                0x000000000010b80c                ptmSysmExit
 .text.PTMSYSM_ConfigureNew3DSCPU
                0x000000000010b848       0x34 C:\devkitPro\libctru/lib\libctru.a(ptmsysm.o)
                0x000000000010b848                PTMSYSM_ConfigureNew3DSCPU
 .text.rbtree_node_next
                0x000000000010b87c       0x50 C:\devkitPro\libctru/lib\libctru.a(rbtree_iterator.o)
                0x000000000010b87c                rbtree_node_next
 .text.__appInit
                0x000000000010b8cc       0x30 C:\devkitPro\libctru/lib\libctru.a(appInit.o)
                0x000000000010b8cc                __appInit
 .text.__libctru_nanosleep
                0x000000000010b8fc       0x30 C:\devkitPro\libctru/lib\libctru.a(syscalls.o)
 .text.__libctru_get_reent
                0x000000000010b92c       0x30 C:\devkitPro\libctru/lib\libctru.a(syscalls.o)
 .text.__system_initSyscalls
                0x000000000010b95c       0xf8 C:\devkitPro\libctru/lib\libctru.a(syscalls.o)
                0x000000000010b95c                __system_initSyscalls
 .text.__appExit
                0x000000000010ba54       0x30 C:\devkitPro\libctru/lib\libctru.a(appExit.o)
                0x000000000010ba54                __appExit
 .text.__libctru_exit
                0x000000000010ba84       0x90 C:\devkitPro\libctru/lib\libctru.a(ctru_exit.o)
                0x000000000010ba84                __libctru_exit
 .text.archive_link
                0x000000000010bb14       0x14 C:\devkitPro\libctru/lib\libctru.a(archive_dev.o)
 .text.archive_dirreset
                0x000000000010bb28       0x14 C:\devkitPro\libctru/lib\libctru.a(archive_dev.o)
 .text.archive_chmod
                0x000000000010bb3c       0x14 C:\devkitPro\libctru/lib\libctru.a(archive_dev.o)
 .text.error_cmp
                0x000000000010bb50       0x24 C:\devkitPro\libctru/lib\libctru.a(archive_dev.o)
 .text.archive_translate_error
                0x000000000010bb74       0x50 C:\devkitPro\libctru/lib\libctru.a(archive_dev.o)
 .text.archive_seek
                0x000000000010bbc4       0xd4 C:\devkitPro\libctru/lib\libctru.a(archive_dev.o)
 .text._archiveInit.part.0
                0x000000000010bc98       0x7c C:\devkitPro\libctru/lib\libctru.a(archive_dev.o)
 .text.archiveFindDevice.part.0
                0x000000000010bd14       0x8c C:\devkitPro\libctru/lib\libctru.a(archive_dev.o)
 .text.archive_utf16path
                0x000000000010bda0      0x294 C:\devkitPro\libctru/lib\libctru.a(archive_dev.o)
 .text._archiveUnmountDeviceStruct.part.0
                0x000000000010c034       0xa0 C:\devkitPro\libctru/lib\libctru.a(archive_dev.o)
 .text.archive_fchmod
                0x000000000010c0d4       0x14 C:\devkitPro\libctru/lib\libctru.a(archive_dev.o)
 .text.archive_statvfs
                0x000000000010c0e8       0x14 C:\devkitPro\libctru/lib\libctru.a(archive_dev.o)
 .text._archiveMountDevice
                0x000000000010c0fc      0x158 C:\devkitPro\libctru/lib\libctru.a(archive_dev.o)
 .text.archive_diropen
                0x000000000010c254       0xe8 C:\devkitPro\libctru/lib\libctru.a(archive_dev.o)
 .text.archive_fstat
                0x000000000010c33c       0xa4 C:\devkitPro\libctru/lib\libctru.a(archive_dev.o)
 .text.archive_close
                0x000000000010c3e0       0x6c C:\devkitPro\libctru/lib\libctru.a(archive_dev.o)
 .text.archive_fsync
                0x000000000010c44c       0x6c C:\devkitPro\libctru/lib\libctru.a(archive_dev.o)
 .text.archive_dirclose
                0x000000000010c4b8       0x70 C:\devkitPro\libctru/lib\libctru.a(archive_dev.o)
 .text.sdmc_statvfs
                0x000000000010c528       0xe8 C:\devkitPro\libctru/lib\libctru.a(archive_dev.o)
 .text.archive_ftruncate
                0x000000000010c610       0x80 C:\devkitPro\libctru/lib\libctru.a(archive_dev.o)
 .text.archive_chdir
                0x000000000010c690       0xfc C:\devkitPro\libctru/lib\libctru.a(archive_dev.o)
 .text.archive_read
                0x000000000010c78c       0xb0 C:\devkitPro\libctru/lib\libctru.a(archive_dev.o)
 .text.archive_unlink
                0x000000000010c83c       0xac C:\devkitPro\libctru/lib\libctru.a(archive_dev.o)
 .text.archive_rmdir
                0x000000000010c8e8       0xc8 C:\devkitPro\libctru/lib\libctru.a(archive_dev.o)
 .text.archive_mkdir
                0x000000000010c9b0       0xec C:\devkitPro\libctru/lib\libctru.a(archive_dev.o)
 .text.archive_stat
                0x000000000010ca9c      0x1a8 C:\devkitPro\libctru/lib\libctru.a(archive_dev.o)
 .text.archive_rename
                0x000000000010cc44      0x184 C:\devkitPro\libctru/lib\libctru.a(archive_dev.o)
 .text.archive_dirnext
                0x000000000010cdc8      0x168 C:\devkitPro\libctru/lib\libctru.a(archive_dev.o)
 .text.archive_write
                0x000000000010cf30      0x12c C:\devkitPro\libctru/lib\libctru.a(archive_dev.o)
 .text.archive_open
                0x000000000010d05c      0x1f0 C:\devkitPro\libctru/lib\libctru.a(archive_dev.o)
 .text.archiveMountSdmc
                0x000000000010d24c      0x1a4 C:\devkitPro\libctru/lib\libctru.a(archive_dev.o)
                0x000000000010d24c                archiveMountSdmc
 .text.archiveUnmountAll
                0x000000000010d3f0       0x54 C:\devkitPro\libctru/lib\libctru.a(archive_dev.o)
                0x000000000010d3f0                archiveUnmountAll
 .text.utf16_to_utf8
                0x000000000010d444       0xe8 C:\devkitPro\libctru/lib\libctru.a(utf16_to_utf8.o)
                0x000000000010d444                utf16_to_utf8
 .text.decode_utf16
                0x000000000010d52c       0x64 C:\devkitPro\libctru/lib\libctru.a(decode_utf16.o)
                0x000000000010d52c                decode_utf16
 .text.decode_utf8
                0x000000000010d590      0x13c C:\devkitPro\libctru/lib\libctru.a(decode_utf8.o)
                0x000000000010d590                decode_utf8
 .text.utf8_to_utf16
                0x000000000010d6cc       0xc0 C:\devkitPro\libctru/lib\libctru.a(utf8_to_utf16.o)
                0x000000000010d6cc                utf8_to_utf16
 .text.__aeabi_read_tp
                0x000000000010d78c        0xc C:\devkitPro\libctru/lib\libctru.a(readtp.o)
                0x000000000010d78c                __aeabi_read_tp
 .text.encode_utf16
                0x000000000010d798       0x60 C:\devkitPro\libctru/lib\libctru.a(encode_utf16.o)
                0x000000000010d798                encode_utf16
 .text.encode_utf8
                0x000000000010d7f8       0xfc C:\devkitPro\libctru/lib\libctru.a(encode_utf8.o)
                0x000000000010d7f8                encode_utf8
 .text._ZdlPv   0x000000000010d8f4        0x4 c:/devkitpro/devkitarm/bin/../lib/gcc/arm-none-eabi/10.2.0/../../../../arm-none-eabi/lib/armv6k/fpu\libstdc++.a(del_op.o)
                0x000000000010d8f4                operator delete(void*)
 .text.unlikely._ZSt17__throw_bad_allocv
                0x000000000010d8f8       0x2c c:/devkitpro/devkitarm/bin/../lib/gcc/arm-none-eabi/10.2.0/../../../../arm-none-eabi/lib/armv6k/fpu\libstdc++.a(functexcept.o)
                0x000000000010d8f8                std::__throw_bad_alloc()
 .text.unlikely._ZSt19__throw_logic_errorPKc
                0x000000000010d924       0x48 c:/devkitpro/devkitarm/bin/../lib/gcc/arm-none-eabi/10.2.0/../../../../arm-none-eabi/lib/armv6k/fpu\libstdc++.a(functexcept.o)
                0x000000000010d924                std::__throw_logic_error(char const*)
 .text.unlikely._ZSt20__throw_length_errorPKc
                0x000000000010d96c       0x48 c:/devkitpro/devkitarm/bin/../lib/gcc/arm-none-eabi/10.2.0/../../../../arm-none-eabi/lib/armv6k/fpu\libstdc++.a(functexcept.o)
                0x000000000010d96c                std::__throw_length_error(char const*)
 .text._ZNSt7__cxx1112basic_stringIcSt11char_traitsIcESaIcEE9_M_createERjj
                0x000000000010d9b4       0x58 c:/devkitpro/devkitarm/bin/../lib/gcc/arm-none-eabi/10.2.0/../../../../arm-none-eabi/lib/armv6k/fpu\libstdc++.a(string-inst.o)
                0x000000000010d9b4                std::__cxx11::basic_string<char, std::char_traits<char>, std::allocator<char> >::_M_create(unsigned int&, unsigned int)
 .text._ZNKSt9bad_alloc4whatEv
                0x000000000010da0c        0xc c:/devkitpro/devkitarm/bin/../lib/gcc/arm-none-eabi/10.2.0/../../../../arm-none-eabi/lib/armv6k/fpu\libstdc++.a(bad_alloc.o)
                0x000000000010da0c                std::bad_alloc::what() const
 .text._ZNSt9bad_allocD2Ev
                0x000000000010da18       0x20 c:/devkitpro/devkitarm/bin/../lib/gcc/arm-none-eabi/10.2.0/../../../../arm-none-eabi/lib/armv6k/fpu\libstdc++.a(bad_alloc.o)
                0x000000000010da18                std::bad_alloc::~bad_alloc()
                0x000000000010da18                std::bad_alloc::~bad_alloc()
 .text._ZNSt9bad_allocD0Ev
                0x000000000010da38       0x2c c:/devkitpro/devkitarm/bin/../lib/gcc/arm-none-eabi/10.2.0/../../../../arm-none-eabi/lib/armv6k/fpu\libstdc++.a(bad_alloc.o)
                0x000000000010da38                std::bad_alloc::~bad_alloc()
 .text._ZdlPvj  0x000000000010da64        0x4 c:/devkitpro/devkitarm/bin/../lib/gcc/arm-none-eabi/10.2.0/../../../../arm-none-eabi/lib/armv6k/fpu\libstdc++.a(del_ops.o)
                0x000000000010da64                operator delete(void*, unsigned int)
 .text._ZN12_GLOBAL__N_14pool4freeEPv.constprop.0
                0x000000000010da68       0xd0 c:/devkitpro/devkitarm/bin/../lib/gcc/arm-none-eabi/10.2.0/../../../../arm-none-eabi/lib/armv6k/fpu\libstdc++.a(eh_alloc.o)
 .text._ZN12_GLOBAL__N_14pool8allocateEj.constprop.0
                0x000000000010db38       0x9c c:/devkitpro/devkitarm/bin/../lib/gcc/arm-none-eabi/10.2.0/../../../../arm-none-eabi/lib/armv6k/fpu\libstdc++.a(eh_alloc.o)
 .text.__cxa_allocate_exception
                0x000000000010dbd4       0x44 c:/devkitpro/devkitarm/bin/../lib/gcc/arm-none-eabi/10.2.0/../../../../arm-none-eabi/lib/armv6k/fpu\libstdc++.a(eh_alloc.o)
                0x000000000010dbd4                __cxa_allocate_exception
 .text.__cxa_free_exception
                0x000000000010dc18       0x30 c:/devkitpro/devkitarm/bin/../lib/gcc/arm-none-eabi/10.2.0/../../../../arm-none-eabi/lib/armv6k/fpu\libstdc++.a(eh_alloc.o)
                0x000000000010dc18                __cxa_free_exception
 .text.startup._GLOBAL__sub_I__ZN9__gnu_cxx9__freeresEv
                0x000000000010dc48       0x40 c:/devkitpro/devkitarm/bin/../lib/gcc/arm-none-eabi/10.2.0/../../../../arm-none-eabi/lib/armv6k/fpu\libstdc++.a(eh_alloc.o)
 .text.__cxa_end_cleanup
                0x000000000010dc88       0x10 c:/devkitpro/devkitarm/bin/../lib/gcc/arm-none-eabi/10.2.0/../../../../arm-none-eabi/lib/armv6k/fpu\libstdc++.a(eh_arm.o)
                0x000000000010dc88                __cxa_end_cleanup
 .text.__cxa_type_match
                0x000000000010dc98      0x138 c:/devkitpro/devkitarm/bin/../lib/gcc/arm-none-eabi/10.2.0/../../../../arm-none-eabi/lib/armv6k/fpu\libstdc++.a(eh_arm.o)
                0x000000000010dc98                __cxa_type_match
 .text.__cxa_begin_cleanup
                0x000000000010ddd0       0xb4 c:/devkitpro/devkitarm/bin/../lib/gcc/arm-none-eabi/10.2.0/../../../../arm-none-eabi/lib/armv6k/fpu\libstdc++.a(eh_arm.o)
                0x000000000010ddd0                __cxa_begin_cleanup
 .text.__gnu_end_cleanup
                0x000000000010de84       0xb4 c:/devkitpro/devkitarm/bin/../lib/gcc/arm-none-eabi/10.2.0/../../../../arm-none-eabi/lib/armv6k/fpu\libstdc++.a(eh_arm.o)
                0x000000000010de84                __gnu_end_cleanup
 .text.__cxa_begin_catch
                0x000000000010df38       0xcc c:/devkitpro/devkitarm/bin/../lib/gcc/arm-none-eabi/10.2.0/../../../../arm-none-eabi/lib/armv6k/fpu\libstdc++.a(eh_catch.o)
                0x000000000010df38                __cxa_begin_catch
 .text.__cxa_end_catch
                0x000000000010e004       0xe0 c:/devkitpro/devkitarm/bin/../lib/gcc/arm-none-eabi/10.2.0/../../../../arm-none-eabi/lib/armv6k/fpu\libstdc++.a(eh_catch.o)
                0x000000000010e004                __cxa_end_catch
 .text._ZNSt9exceptionD2Ev
                0x000000000010e0e4        0x4 c:/devkitpro/devkitarm/bin/../lib/gcc/arm-none-eabi/10.2.0/../../../../arm-none-eabi/lib/armv6k/fpu\libstdc++.a(eh_exception.o)
                0x000000000010e0e4                std::exception::~exception()
                0x000000000010e0e4                std::exception::~exception()
 .text._ZNSt13bad_exceptionD2Ev
                0x000000000010e0e8        0x4 c:/devkitpro/devkitarm/bin/../lib/gcc/arm-none-eabi/10.2.0/../../../../arm-none-eabi/lib/armv6k/fpu\libstdc++.a(eh_exception.o)
                0x000000000010e0e8                std::bad_exception::~bad_exception()
                0x000000000010e0e8                std::bad_exception::~bad_exception()
 .text._ZNKSt13bad_exception4whatEv
                0x000000000010e0ec        0xc c:/devkitpro/devkitarm/bin/../lib/gcc/arm-none-eabi/10.2.0/../../../../arm-none-eabi/lib/armv6k/fpu\libstdc++.a(eh_exception.o)
                0x000000000010e0ec                std::bad_exception::what() const
                0x000000000010e0ec                transaction clone for std::bad_exception::what() const
 .text._ZNSt13bad_exceptionD0Ev
                0x000000000010e0f8       0x18 c:/devkitpro/devkitarm/bin/../lib/gcc/arm-none-eabi/10.2.0/../../../../arm-none-eabi/lib/armv6k/fpu\libstdc++.a(eh_exception.o)
                0x000000000010e0f8                std::bad_exception::~bad_exception()
 .text.__cxa_get_globals_fast
                0x000000000010e110        0xc c:/devkitpro/devkitarm/bin/../lib/gcc/arm-none-eabi/10.2.0/../../../../arm-none-eabi/lib/armv6k/fpu\libstdc++.a(eh_globals.o)
                0x000000000010e110                __cxa_get_globals_fast
 .text.__cxa_get_globals
                0x000000000010e11c        0xc c:/devkitpro/devkitarm/bin/../lib/gcc/arm-none-eabi/10.2.0/../../../../arm-none-eabi/lib/armv6k/fpu\libstdc++.a(eh_globals.o)
                0x000000000010e11c                __cxa_get_globals
 .text._ZL28read_encoded_value_with_basehjPKhPj
                0x000000000010e128      0x168 c:/devkitpro/devkitarm/bin/../lib/gcc/arm-none-eabi/10.2.0/../../../../arm-none-eabi/lib/armv6k/fpu\libstdc++.a(eh_personality.o)
 .text._ZL21base_of_encoded_valuehP15_Unwind_Context
                0x000000000010e290       0x64 c:/devkitpro/devkitarm/bin/../lib/gcc/arm-none-eabi/10.2.0/../../../../arm-none-eabi/lib/armv6k/fpu\libstdc++.a(eh_personality.o)
 .text._ZL17parse_lsda_headerP15_Unwind_ContextPKhP16lsda_header_info
                0x000000000010e2f4       0xd8 c:/devkitpro/devkitarm/bin/../lib/gcc/arm-none-eabi/10.2.0/../../../../arm-none-eabi/lib/armv6k/fpu\libstdc++.a(eh_personality.o)
 .text.__gxx_personality_v0
                0x000000000010e3cc      0x6f8 c:/devkitpro/devkitarm/bin/../lib/gcc/arm-none-eabi/10.2.0/../../../../arm-none-eabi/lib/armv6k/fpu\libstdc++.a(eh_personality.o)
                0x000000000010e3cc                __gxx_personality_v0
 .text._ZN10__cxxabiv111__terminateEPFvvE
                0x000000000010eac4       0x38 c:/devkitpro/devkitarm/bin/../lib/gcc/arm-none-eabi/10.2.0/../../../../arm-none-eabi/lib/armv6k/fpu\libstdc++.a(eh_terminate.o)
                0x000000000010eac4                __cxxabiv1::__terminate(void (*)())
 .text._ZSt9terminatev
                0x000000000010eafc       0x18 c:/devkitpro/devkitarm/bin/../lib/gcc/arm-none-eabi/10.2.0/../../../../arm-none-eabi/lib/armv6k/fpu\libstdc++.a(eh_terminate.o)
                0x000000000010eafc                std::terminate()
 .text._ZN10__cxxabiv112__unexpectedEPFvvE
                0x000000000010eb14        0xc c:/devkitpro/devkitarm/bin/../lib/gcc/arm-none-eabi/10.2.0/../../../../arm-none-eabi/lib/armv6k/fpu\libstdc++.a(eh_terminate.o)
                0x000000000010eb14                __cxxabiv1::__unexpected(void (*)())
 .text._ZSt10unexpectedv
                0x000000000010eb20       0x18 c:/devkitpro/devkitarm/bin/../lib/gcc/arm-none-eabi/10.2.0/../../../../arm-none-eabi/lib/armv6k/fpu\libstdc++.a(eh_terminate.o)
                0x000000000010eb20                std::unexpected()
 .text._ZSt13get_terminatev
                0x000000000010eb38       0x14 c:/devkitpro/devkitarm/bin/../lib/gcc/arm-none-eabi/10.2.0/../../../../arm-none-eabi/lib/armv6k/fpu\libstdc++.a(eh_terminate.o)
                0x000000000010eb38                std::get_terminate()
 .text._ZSt14get_unexpectedv
                0x000000000010eb4c       0x14 c:/devkitpro/devkitarm/bin/../lib/gcc/arm-none-eabi/10.2.0/../../../../arm-none-eabi/lib/armv6k/fpu\libstdc++.a(eh_terminate.o)
                0x000000000010eb4c                std::get_unexpected()
 .text._ZL23__gxx_exception_cleanup19_Unwind_Reason_CodeP21_Unwind_Control_Block
                0x000000000010eb60       0x70 c:/devkitpro/devkitarm/bin/../lib/gcc/arm-none-eabi/10.2.0/../../../../arm-none-eabi/lib/armv6k/fpu\libstdc++.a(eh_throw.o)
 .text.__cxa_init_primary_exception
                0x000000000010ebd0       0x70 c:/devkitpro/devkitarm/bin/../lib/gcc/arm-none-eabi/10.2.0/../../../../arm-none-eabi/lib/armv6k/fpu\libstdc++.a(eh_throw.o)
                0x000000000010ebd0                __cxa_init_primary_exception
 .text.__cxa_throw
                0x000000000010ec40       0x58 c:/devkitpro/devkitarm/bin/../lib/gcc/arm-none-eabi/10.2.0/../../../../arm-none-eabi/lib/armv6k/fpu\libstdc++.a(eh_throw.o)
                0x000000000010ec40                __cxa_throw
 .text.__cxa_rethrow
                0x000000000010ec98       0xb0 c:/devkitpro/devkitarm/bin/../lib/gcc/arm-none-eabi/10.2.0/../../../../arm-none-eabi/lib/armv6k/fpu\libstdc++.a(eh_throw.o)
                0x000000000010ec98                __cxa_rethrow
 .text._Znwj    0x000000000010ed48       0x5c c:/devkitpro/devkitarm/bin/../lib/gcc/arm-none-eabi/10.2.0/../../../../arm-none-eabi/lib/armv6k/fpu\libstdc++.a(new_op.o)
                0x000000000010ed48                operator new(unsigned int)
 .text._ZN10__cxxabiv120__si_class_type_infoD2Ev
                0x000000000010eda4       0x20 c:/devkitpro/devkitarm/bin/../lib/gcc/arm-none-eabi/10.2.0/../../../../arm-none-eabi/lib/armv6k/fpu\libstdc++.a(si_class_type_info.o)
                0x000000000010eda4                __cxxabiv1::__si_class_type_info::~__si_class_type_info()
                0x000000000010eda4                __cxxabiv1::__si_class_type_info::~__si_class_type_info()
 .text._ZN10__cxxabiv120__si_class_type_infoD0Ev
                0x000000000010edc4       0x2c c:/devkitpro/devkitarm/bin/../lib/gcc/arm-none-eabi/10.2.0/../../../../arm-none-eabi/lib/armv6k/fpu\libstdc++.a(si_class_type_info.o)
                0x000000000010edc4                __cxxabiv1::__si_class_type_info::~__si_class_type_info()
 .text._ZNK10__cxxabiv120__si_class_type_info20__do_find_public_srcEiPKvPKNS_17__class_type_infoES2_
                0x000000000010edf0       0x6c c:/devkitpro/devkitarm/bin/../lib/gcc/arm-none-eabi/10.2.0/../../../../arm-none-eabi/lib/armv6k/fpu\libstdc++.a(si_class_type_info.o)
                0x000000000010edf0                __cxxabiv1::__si_class_type_info::__do_find_public_src(int, void const*, __cxxabiv1::__class_type_info const*, void const*) const
 .text._ZNK10__cxxabiv120__si_class_type_info12__do_dyncastEiNS_17__class_type_info10__sub_kindEPKS1_PKvS4_S6_RNS1_16__dyncast_resultE
                0x000000000010ee5c       0xdc c:/devkitpro/devkitarm/bin/../lib/gcc/arm-none-eabi/10.2.0/../../../../arm-none-eabi/lib/armv6k/fpu\libstdc++.a(si_class_type_info.o)
                0x000000000010ee5c                __cxxabiv1::__si_class_type_info::__do_dyncast(int, __cxxabiv1::__class_type_info::__sub_kind, __cxxabiv1::__class_type_info const*, void const*, __cxxabiv1::__class_type_info const*, void const*, __cxxabiv1::__class_type_info::__dyncast_result&) const
 .text._ZNK10__cxxabiv120__si_class_type_info11__do_upcastEPKNS_17__class_type_infoEPKvRNS1_15__upcast_resultE
                0x000000000010ef38       0x44 c:/devkitpro/devkitarm/bin/../lib/gcc/arm-none-eabi/10.2.0/../../../../arm-none-eabi/lib/armv6k/fpu\libstdc++.a(si_class_type_info.o)
                0x000000000010ef38                __cxxabiv1::__si_class_type_info::__do_upcast(__cxxabiv1::__class_type_info const*, void const*, __cxxabiv1::__class_type_info::__upcast_result&) const
 .text._ZNSt9type_infoD2Ev
                0x000000000010ef7c        0x4 c:/devkitpro/devkitarm/bin/../lib/gcc/arm-none-eabi/10.2.0/../../../../arm-none-eabi/lib/armv6k/fpu\libstdc++.a(tinfo.o)
                0x000000000010ef7c                std::type_info::~type_info()
                0x000000000010ef7c                std::type_info::~type_info()
 .text._ZNKSt9type_info14__is_pointer_pEv
                0x000000000010ef80        0x8 c:/devkitpro/devkitarm/bin/../lib/gcc/arm-none-eabi/10.2.0/../../../../arm-none-eabi/lib/armv6k/fpu\libstdc++.a(tinfo.o)
                0x000000000010ef80                std::type_info::__is_pointer_p() const
                0x000000000010ef80                std::type_info::__is_function_p() const
 .text._ZNKSt9type_infoeqERKS_
                0x000000000010ef88       0x4c c:/devkitpro/devkitarm/bin/../lib/gcc/arm-none-eabi/10.2.0/../../../../arm-none-eabi/lib/armv6k/fpu\libstdc++.a(tinfo.o)
                0x000000000010ef88                std::type_info::operator==(std::type_info const&) const
 .text._ZNKSt11logic_error4whatEv
                0x000000000010efd4        0x8 c:/devkitpro/devkitarm/bin/../lib/gcc/arm-none-eabi/10.2.0/../../../../arm-none-eabi/lib/armv6k/fpu\libstdc++.a(stdexcept.o)
                0x000000000010efd4                std::logic_error::what() const
                0x000000000010efd4                std::runtime_error::what() const
 .text._ZNSt11logic_errorD2Ev
                0x000000000010efdc       0x64 c:/devkitpro/devkitarm/bin/../lib/gcc/arm-none-eabi/10.2.0/../../../../arm-none-eabi/lib/armv6k/fpu\libstdc++.a(stdexcept.o)
                0x000000000010efdc                std::logic_error::~logic_error()
                0x000000000010efdc                std::logic_error::~logic_error()
 .text._ZNSt12length_errorD2Ev
                0x000000000010f040       0x64 c:/devkitpro/devkitarm/bin/../lib/gcc/arm-none-eabi/10.2.0/../../../../arm-none-eabi/lib/armv6k/fpu\libstdc++.a(stdexcept.o)
                0x000000000010f040                std::length_error::~length_error()
                0x000000000010f040                std::length_error::~length_error()
 .text._ZNSt11logic_errorD0Ev
                0x000000000010f0a4       0x6c c:/devkitpro/devkitarm/bin/../lib/gcc/arm-none-eabi/10.2.0/../../../../arm-none-eabi/lib/armv6k/fpu\libstdc++.a(stdexcept.o)
                0x000000000010f0a4                std::logic_error::~logic_error()
 .text._ZNSt12length_errorD0Ev
                0x000000000010f110       0x6c c:/devkitpro/devkitarm/bin/../lib/gcc/arm-none-eabi/10.2.0/../../../../arm-none-eabi/lib/armv6k/fpu\libstdc++.a(stdexcept.o)
                0x000000000010f110                std::length_error::~length_error()
 .text._ZNSt11logic_errorC2EPKc
                0x000000000010f17c       0x38 c:/devkitpro/devkitarm/bin/../lib/gcc/arm-none-eabi/10.2.0/../../../../arm-none-eabi/lib/armv6k/fpu\libstdc++.a(cow-stdexcept.o)
                0x000000000010f17c                std::logic_error::logic_error(char const*)
                0x000000000010f17c                std::logic_error::logic_error(char const*)
 .text._ZNSt12length_errorC2EPKc
                0x000000000010f1b4       0x44 c:/devkitpro/devkitarm/bin/../lib/gcc/arm-none-eabi/10.2.0/../../../../arm-none-eabi/lib/armv6k/fpu\libstdc++.a(cow-stdexcept.o)
                0x000000000010f1b4                std::length_error::length_error(char const*)
                0x000000000010f1b4                std::length_error::length_error(char const*)
 .text._ZNSs4_Rep9_S_createEjjRKSaIcE
                0x000000000010f1f8       0x88 c:/devkitpro/devkitarm/bin/../lib/gcc/arm-none-eabi/10.2.0/../../../../arm-none-eabi/lib/armv6k/fpu\libstdc++.a(cow-string-inst.o)
                0x000000000010f1f8                std::string::_Rep::_S_create(unsigned int, unsigned int, std::allocator<char> const&)
 .text._ZNSs4_Rep10_M_destroyERKSaIcE
                0x000000000010f280        0x4 c:/devkitpro/devkitarm/bin/../lib/gcc/arm-none-eabi/10.2.0/../../../../arm-none-eabi/lib/armv6k/fpu\libstdc++.a(cow-string-inst.o)
                0x000000000010f280                std::string::_Rep::_M_destroy(std::allocator<char> const&)
 .text._ZNSs12_S_constructIPKcEEPcT_S3_RKSaIcESt20forward_iterator_tag
                0x000000000010f284       0xa4 c:/devkitpro/devkitarm/bin/../lib/gcc/arm-none-eabi/10.2.0/../../../../arm-none-eabi/lib/armv6k/fpu\libstdc++.a(cow-string-inst.o)
                0x000000000010f284                char* std::string::_S_construct<char const*>(char const*, char const*, std::allocator<char> const&, std::forward_iterator_tag)
 .text._ZNSsC2EPKcRKSaIcE
                0x000000000010f328       0x4c c:/devkitpro/devkitarm/bin/../lib/gcc/arm-none-eabi/10.2.0/../../../../arm-none-eabi/lib/armv6k/fpu\libstdc++.a(cow-string-inst.o)
                0x000000000010f328                std::basic_string<char, std::char_traits<char>, std::allocator<char> >::basic_string(char const*, std::allocator<char> const&)
                0x000000000010f328                std::basic_string<char, std::char_traits<char>, std::allocator<char> >::basic_string(char const*, std::allocator<char> const&)
 .text._ZNK10__cxxabiv117__class_type_info11__do_upcastEPKS0_PPv
                0x000000000010f374       0x5c c:/devkitpro/devkitarm/bin/../lib/gcc/arm-none-eabi/10.2.0/../../../../arm-none-eabi/lib/armv6k/fpu\libstdc++.a(class_type_info.o)
                0x000000000010f374                __cxxabiv1::__class_type_info::__do_upcast(__cxxabiv1::__class_type_info const*, void**) const
 .text._ZNK10__cxxabiv117__class_type_info20__do_find_public_srcEiPKvPKS0_S2_
                0x000000000010f3d0       0x14 c:/devkitpro/devkitarm/bin/../lib/gcc/arm-none-eabi/10.2.0/../../../../arm-none-eabi/lib/armv6k/fpu\libstdc++.a(class_type_info.o)
                0x000000000010f3d0                __cxxabiv1::__class_type_info::__do_find_public_src(int, void const*, __cxxabiv1::__class_type_info const*, void const*) const
 .text._ZN10__cxxabiv117__class_type_infoD2Ev
                0x000000000010f3e4       0x20 c:/devkitpro/devkitarm/bin/../lib/gcc/arm-none-eabi/10.2.0/../../../../arm-none-eabi/lib/armv6k/fpu\libstdc++.a(class_type_info.o)
                0x000000000010f3e4                __cxxabiv1::__class_type_info::~__class_type_info()
                0x000000000010f3e4                __cxxabiv1::__class_type_info::~__class_type_info()
 .text._ZN10__cxxabiv117__class_type_infoD0Ev
                0x000000000010f404       0x2c c:/devkitpro/devkitarm/bin/../lib/gcc/arm-none-eabi/10.2.0/../../../../arm-none-eabi/lib/armv6k/fpu\libstdc++.a(class_type_info.o)
                0x000000000010f404                __cxxabiv1::__class_type_info::~__class_type_info()
 .text._ZNK10__cxxabiv117__class_type_info12__do_dyncastEiNS0_10__sub_kindEPKS0_PKvS3_S5_RNS0_16__dyncast_resultE
                0x000000000010f430       0x68 c:/devkitpro/devkitarm/bin/../lib/gcc/arm-none-eabi/10.2.0/../../../../arm-none-eabi/lib/armv6k/fpu\libstdc++.a(class_type_info.o)
                0x000000000010f430                __cxxabiv1::__class_type_info::__do_dyncast(int, __cxxabiv1::__class_type_info::__sub_kind, __cxxabiv1::__class_type_info const*, void const*, __cxxabiv1::__class_type_info const*, void const*, __cxxabiv1::__class_type_info::__dyncast_result&) const
 .text._ZNK10__cxxabiv117__class_type_info11__do_upcastEPKS0_PKvRNS0_15__upcast_resultE
                0x000000000010f498       0x2c c:/devkitpro/devkitarm/bin/../lib/gcc/arm-none-eabi/10.2.0/../../../../arm-none-eabi/lib/armv6k/fpu\libstdc++.a(class_type_info.o)
                0x000000000010f498                __cxxabiv1::__class_type_info::__do_upcast(__cxxabiv1::__class_type_info const*, void const*, __cxxabiv1::__class_type_info::__upcast_result&) const
 .text._ZNK10__cxxabiv117__class_type_info10__do_catchEPKSt9type_infoPPvj
                0x000000000010f4c4       0x44 c:/devkitpro/devkitarm/bin/../lib/gcc/arm-none-eabi/10.2.0/../../../../arm-none-eabi/lib/armv6k/fpu\libstdc++.a(class_type_info.o)
                0x000000000010f4c4                __cxxabiv1::__class_type_info::__do_catch(std::type_info const*, void**, unsigned int) const
 .text._ZN10__cxxabiv1L24__is_gxx_exception_classEPc
                0x000000000010f508       0x70 c:/devkitpro/devkitarm/bin/../lib/gcc/arm-none-eabi/10.2.0/../../../../arm-none-eabi/lib/armv6k/fpu\libstdc++.a(eh_call.o)
 .text.__cxa_call_terminate
                0x000000000010f578       0x2c c:/devkitpro/devkitarm/bin/../lib/gcc/arm-none-eabi/10.2.0/../../../../arm-none-eabi/lib/armv6k/fpu\libstdc++.a(eh_call.o)
                0x000000000010f578                __cxa_call_terminate
 .text.unlikely.__cxa_call_unexpected
                0x000000000010f5a4      0x154 c:/devkitpro/devkitarm/bin/../lib/gcc/arm-none-eabi/10.2.0/../../../../arm-none-eabi/lib/armv6k/fpu\libstdc++.a(eh_call.o)
                0x000000000010f5a4                __cxa_call_unexpected
 .text._ZSt15get_new_handlerv
                0x000000000010f6f8       0x14 c:/devkitpro/devkitarm/bin/../lib/gcc/arm-none-eabi/10.2.0/../../../../arm-none-eabi/lib/armv6k/fpu\libstdc++.a(new_handler.o)
                0x000000000010f6f8                std::get_new_handler()
 .text.__udivmoddi4
                0x000000000010f70c      0x120 c:/devkitpro/devkitarm/bin/../lib/gcc/arm-none-eabi/10.2.0/armv6k/fpu\libgcc.a(_udivmoddi4.o)
                0x000000000010f70c                __udivmoddi4
 .text.selfrel_offset31
                0x000000000010f82c       0x18 c:/devkitpro/devkitarm/bin/../lib/gcc/arm-none-eabi/10.2.0/armv6k/fpu\libgcc.a(unwind-arm.o)
 .text.search_EIT_table
                0x000000000010f844       0x90 c:/devkitpro/devkitarm/bin/../lib/gcc/arm-none-eabi/10.2.0/armv6k/fpu\libgcc.a(unwind-arm.o)
 .text.__gnu_unwind_get_pr_addr
                0x000000000010f8d4       0x40 c:/devkitpro/devkitarm/bin/../lib/gcc/arm-none-eabi/10.2.0/armv6k/fpu\libgcc.a(unwind-arm.o)
 .text.get_eit_entry
                0x000000000010f914      0x118 c:/devkitpro/devkitarm/bin/../lib/gcc/arm-none-eabi/10.2.0/armv6k/fpu\libgcc.a(unwind-arm.o)
 .text.restore_non_core_regs
                0x000000000010fa2c       0x88 c:/devkitpro/devkitarm/bin/../lib/gcc/arm-none-eabi/10.2.0/armv6k/fpu\libgcc.a(unwind-arm.o)
 .text._Unwind_decode_typeinfo_ptr.constprop.0
                0x000000000010fab4       0x14 c:/devkitpro/devkitarm/bin/../lib/gcc/arm-none-eabi/10.2.0/armv6k/fpu\libgcc.a(unwind-arm.o)
 .text._Unwind_DebugHook
                0x000000000010fac8        0x4 c:/devkitpro/devkitarm/bin/../lib/gcc/arm-none-eabi/10.2.0/armv6k/fpu\libgcc.a(unwind-arm.o)
 .text.unwind_phase2
                0x000000000010facc       0x64 c:/devkitpro/devkitarm/bin/../lib/gcc/arm-none-eabi/10.2.0/armv6k/fpu\libgcc.a(unwind-arm.o)
 .text.unwind_phase2_forced
                0x000000000010fb30      0x134 c:/devkitpro/devkitarm/bin/../lib/gcc/arm-none-eabi/10.2.0/armv6k/fpu\libgcc.a(unwind-arm.o)
 .text.__gnu_Unwind_RaiseException
                0x000000000010fc64       0xa4 c:/devkitpro/devkitarm/bin/../lib/gcc/arm-none-eabi/10.2.0/armv6k/fpu\libgcc.a(unwind-arm.o)
                0x000000000010fc64                __gnu_Unwind_RaiseException
 .text.__gnu_Unwind_ForcedUnwind
                0x000000000010fd08       0x28 c:/devkitpro/devkitarm/bin/../lib/gcc/arm-none-eabi/10.2.0/armv6k/fpu\libgcc.a(unwind-arm.o)
                0x000000000010fd08                __gnu_Unwind_ForcedUnwind
 .text.__gnu_Unwind_Resume
                0x000000000010fd30       0x74 c:/devkitpro/devkitarm/bin/../lib/gcc/arm-none-eabi/10.2.0/armv6k/fpu\libgcc.a(unwind-arm.o)
                0x000000000010fd30                __gnu_Unwind_Resume
 .text.__gnu_Unwind_Resume_or_Rethrow
                0x000000000010fda4       0x20 c:/devkitpro/devkitarm/bin/../lib/gcc/arm-none-eabi/10.2.0/armv6k/fpu\libgcc.a(unwind-arm.o)
                0x000000000010fda4                __gnu_Unwind_Resume_or_Rethrow
 .text._Unwind_Complete
                0x000000000010fdc4        0x4 c:/devkitpro/devkitarm/bin/../lib/gcc/arm-none-eabi/10.2.0/armv6k/fpu\libgcc.a(unwind-arm.o)
                0x000000000010fdc4                _Unwind_Complete
 .text._Unwind_DeleteException
                0x000000000010fdc8       0x18 c:/devkitpro/devkitarm/bin/../lib/gcc/arm-none-eabi/10.2.0/armv6k/fpu\libgcc.a(unwind-arm.o)
                0x000000000010fdc8                _Unwind_DeleteException
 .text._Unwind_VRS_Get
                0x000000000010fde0       0x5c c:/devkitpro/devkitarm/bin/../lib/gcc/arm-none-eabi/10.2.0/armv6k/fpu\libgcc.a(unwind-arm.o)
                0x000000000010fde0                _Unwind_VRS_Get
 .text._Unwind_GetGR
                0x000000000010fe3c       0x2c c:/devkitpro/devkitarm/bin/../lib/gcc/arm-none-eabi/10.2.0/armv6k/fpu\libgcc.a(unwind-arm.o)
 .text._Unwind_VRS_Set
                0x000000000010fe68       0x5c c:/devkitpro/devkitarm/bin/../lib/gcc/arm-none-eabi/10.2.0/armv6k/fpu\libgcc.a(unwind-arm.o)
                0x000000000010fe68                _Unwind_VRS_Set
 .text._Unwind_SetGR
                0x000000000010fec4       0x2c c:/devkitpro/devkitarm/bin/../lib/gcc/arm-none-eabi/10.2.0/armv6k/fpu\libgcc.a(unwind-arm.o)
 .text.__gnu_Unwind_Backtrace
                0x000000000010fef0       0xc0 c:/devkitpro/devkitarm/bin/../lib/gcc/arm-none-eabi/10.2.0/armv6k/fpu\libgcc.a(unwind-arm.o)
                0x000000000010fef0                __gnu_Unwind_Backtrace
 .text.__gnu_unwind_pr_common
                0x000000000010ffb0      0x420 c:/devkitpro/devkitarm/bin/../lib/gcc/arm-none-eabi/10.2.0/armv6k/fpu\libgcc.a(unwind-arm.o)
 .text.__aeabi_unwind_cpp_pr0
                0x00000000001103d0        0x8 c:/devkitpro/devkitarm/bin/../lib/gcc/arm-none-eabi/10.2.0/armv6k/fpu\libgcc.a(unwind-arm.o)
                0x00000000001103d0                __aeabi_unwind_cpp_pr0
 .text.__aeabi_unwind_cpp_pr1
                0x00000000001103d8        0x8 c:/devkitpro/devkitarm/bin/../lib/gcc/arm-none-eabi/10.2.0/armv6k/fpu\libgcc.a(unwind-arm.o)
                0x00000000001103d8                __aeabi_unwind_cpp_pr1
 .text.__aeabi_unwind_cpp_pr2
                0x00000000001103e0        0x8 c:/devkitpro/devkitarm/bin/../lib/gcc/arm-none-eabi/10.2.0/armv6k/fpu\libgcc.a(unwind-arm.o)
                0x00000000001103e0                __aeabi_unwind_cpp_pr2
 .text._Unwind_VRS_Pop
                0x00000000001103e8      0x3d8 c:/devkitpro/devkitarm/bin/../lib/gcc/arm-none-eabi/10.2.0/armv6k/fpu\libgcc.a(unwind-arm.o)
                0x00000000001103e8                _Unwind_VRS_Pop
 .text.next_unwind_byte
                0x00000000001107c0       0x64 c:/devkitpro/devkitarm/bin/../lib/gcc/arm-none-eabi/10.2.0/armv6k/fpu\libgcc.a(pr-support.o)
 .text._Unwind_GetGR.constprop.0
                0x0000000000110824       0x2c c:/devkitpro/devkitarm/bin/../lib/gcc/arm-none-eabi/10.2.0/armv6k/fpu\libgcc.a(pr-support.o)
 .text.unwind_UCB_from_context
                0x0000000000110850        0x4 c:/devkitpro/devkitarm/bin/../lib/gcc/arm-none-eabi/10.2.0/armv6k/fpu\libgcc.a(pr-support.o)
 .text.__gnu_unwind_execute
                0x0000000000110854      0x424 c:/devkitpro/devkitarm/bin/../lib/gcc/arm-none-eabi/10.2.0/armv6k/fpu\libgcc.a(pr-support.o)
                0x0000000000110854                __gnu_unwind_execute
 .text.__gnu_unwind_frame
                0x0000000000110c78       0x48 c:/devkitpro/devkitarm/bin/../lib/gcc/arm-none-eabi/10.2.0/armv6k/fpu\libgcc.a(pr-support.o)
                0x0000000000110c78                __gnu_unwind_frame
 .text._Unwind_GetRegionStart
                0x0000000000110cc0       0x10 c:/devkitpro/devkitarm/bin/../lib/gcc/arm-none-eabi/10.2.0/armv6k/fpu\libgcc.a(pr-support.o)
                0x0000000000110cc0                _Unwind_GetRegionStart
 .text._Unwind_GetLanguageSpecificData
                0x0000000000110cd0       0x1c c:/devkitpro/devkitarm/bin/../lib/gcc/arm-none-eabi/10.2.0/armv6k/fpu\libgcc.a(pr-support.o)
                0x0000000000110cd0                _Unwind_GetLanguageSpecificData
 .text.unlikely._Unwind_GetDataRelBase
                0x0000000000110cec        0x8 c:/devkitpro/devkitarm/bin/../lib/gcc/arm-none-eabi/10.2.0/armv6k/fpu\libgcc.a(pr-support.o)
                0x0000000000110cec                _Unwind_GetDataRelBase
 .text.unlikely._Unwind_GetTextRelBase
                0x0000000000110cf4        0x8 c:/devkitpro/devkitarm/bin/../lib/gcc/arm-none-eabi/10.2.0/armv6k/fpu\libgcc.a(pr-support.o)
                0x0000000000110cf4                _Unwind_GetTextRelBase
 .text.abort    0x0000000000110cfc       0x14 c:/devkitpro/devkitarm/bin/../lib/gcc/arm-none-eabi/10.2.0/../../../../arm-none-eabi/lib/armv6k/fpu\libg.a(lib_a-abort.o)
                0x0000000000110cfc                abort
 .text.bsearch  0x0000000000110d10       0x78 c:/devkitpro/devkitarm/bin/../lib/gcc/arm-none-eabi/10.2.0/../../../../arm-none-eabi/lib/armv6k/fpu\libg.a(lib_a-bsearch.o)
                0x0000000000110d10                bsearch
 .text.__errno  0x0000000000110d88        0xc c:/devkitpro/devkitarm/bin/../lib/gcc/arm-none-eabi/10.2.0/../../../../arm-none-eabi/lib/armv6k/fpu\libg.a(lib_a-errno.o)
                0x0000000000110d88                __errno
 .text.exit     0x0000000000110d94       0x34 c:/devkitpro/devkitarm/bin/../lib/gcc/arm-none-eabi/10.2.0/../../../../arm-none-eabi/lib/armv6k/fpu\libg.a(lib_a-exit.o)
                0x0000000000110d94                exit
 .text._fclose_r
                0x0000000000110dc8      0x160 c:/devkitpro/devkitarm/bin/../lib/gcc/arm-none-eabi/10.2.0/../../../../arm-none-eabi/lib/armv6k/fpu\libg.a(lib_a-fclose.o)
                0x0000000000110dc8                _fclose_r
 .text.fclose   0x0000000000110f28       0x20 c:/devkitpro/devkitarm/bin/../lib/gcc/arm-none-eabi/10.2.0/../../../../arm-none-eabi/lib/armv6k/fpu\libg.a(lib_a-fclose.o)
                0x0000000000110f28                fclose
 .text.__sflush_r
                0x0000000000110f48      0x258 c:/devkitpro/devkitarm/bin/../lib/gcc/arm-none-eabi/10.2.0/../../../../arm-none-eabi/lib/armv6k/fpu\libg.a(lib_a-fflush.o)
                0x0000000000110f48                __sflush_r
 .text._fflush_r
                0x00000000001111a0       0x94 c:/devkitpro/devkitarm/bin/../lib/gcc/arm-none-eabi/10.2.0/../../../../arm-none-eabi/lib/armv6k/fpu\libg.a(lib_a-fflush.o)
                0x00000000001111a0                _fflush_r
 .text.fflush   0x0000000000111234       0x38 c:/devkitpro/devkitarm/bin/../lib/gcc/arm-none-eabi/10.2.0/../../../../arm-none-eabi/lib/armv6k/fpu\libg.a(lib_a-fflush.o)
                0x0000000000111234                fflush
 .text._cleanup_r
                0x000000000011126c        0xc c:/devkitpro/devkitarm/bin/../lib/gcc/arm-none-eabi/10.2.0/../../../../arm-none-eabi/lib/armv6k/fpu\libg.a(lib_a-findfp.o)
                0x000000000011126c                _cleanup_r
 .text.__sinit  0x0000000000111278      0x184 c:/devkitpro/devkitarm/bin/../lib/gcc/arm-none-eabi/10.2.0/../../../../arm-none-eabi/lib/armv6k/fpu\libg.a(lib_a-findfp.o)
                0x0000000000111278                __sinit
 .text.__sfp    0x00000000001113fc      0x134 c:/devkitpro/devkitarm/bin/../lib/gcc/arm-none-eabi/10.2.0/../../../../arm-none-eabi/lib/armv6k/fpu\libg.a(lib_a-findfp.o)
                0x00000000001113fc                __sfp
 .text.__sfp_lock_acquire
                0x0000000000111530        0xc c:/devkitpro/devkitarm/bin/../lib/gcc/arm-none-eabi/10.2.0/../../../../arm-none-eabi/lib/armv6k/fpu\libg.a(lib_a-findfp.o)
                0x0000000000111530                __sfp_lock_acquire
 .text.__sfp_lock_release
                0x000000000011153c        0xc c:/devkitpro/devkitarm/bin/../lib/gcc/arm-none-eabi/10.2.0/../../../../arm-none-eabi/lib/armv6k/fpu\libg.a(lib_a-findfp.o)
                0x000000000011153c                __sfp_lock_release
 .text.__libc_fini_array
                0x0000000000111548       0x3c c:/devkitpro/devkitarm/bin/../lib/gcc/arm-none-eabi/10.2.0/../../../../arm-none-eabi/lib/armv6k/fpu\libg.a(lib_a-fini.o)
                0x0000000000111548                __libc_fini_array
 .text._fopen_r
                0x0000000000111584      0x140 c:/devkitpro/devkitarm/bin/../lib/gcc/arm-none-eabi/10.2.0/../../../../arm-none-eabi/lib/armv6k/fpu\libg.a(lib_a-fopen.o)
                0x0000000000111584                _fopen_r
 .text.fopen    0x00000000001116c4       0x28 c:/devkitpro/devkitarm/bin/../lib/gcc/arm-none-eabi/10.2.0/../../../../arm-none-eabi/lib/armv6k/fpu\libg.a(lib_a-fopen.o)
                0x00000000001116c4                fopen
 .text._fread_r
                0x00000000001116ec      0x2d0 c:/devkitpro/devkitarm/bin/../lib/gcc/arm-none-eabi/10.2.0/../../../../arm-none-eabi/lib/armv6k/fpu\libg.a(lib_a-fread.o)
                0x00000000001116ec                _fread_r
 .text.fread    0x00000000001119bc       0x38 c:/devkitpro/devkitarm/bin/../lib/gcc/arm-none-eabi/10.2.0/../../../../arm-none-eabi/lib/armv6k/fpu\libg.a(lib_a-fread.o)
                0x00000000001119bc                fread
 .text._malloc_trim_r
                0x00000000001119f4       0xf8 c:/devkitpro/devkitarm/bin/../lib/gcc/arm-none-eabi/10.2.0/../../../../arm-none-eabi/lib/armv6k/fpu\libg.a(lib_a-freer.o)
                0x00000000001119f4                _malloc_trim_r
 .text._free_r  0x0000000000111aec      0x2e4 c:/devkitpro/devkitarm/bin/../lib/gcc/arm-none-eabi/10.2.0/../../../../arm-none-eabi/lib/armv6k/fpu\libg.a(lib_a-freer.o)
                0x0000000000111aec                _free_r
 .text._fseek_r
                0x0000000000111dd0       0x1c c:/devkitpro/devkitarm/bin/../lib/gcc/arm-none-eabi/10.2.0/../../../../arm-none-eabi/lib/armv6k/fpu\libg.a(lib_a-fseek.o)
                0x0000000000111dd0                _fseek_r
 .text.fseek    0x0000000000111dec       0x34 c:/devkitpro/devkitarm/bin/../lib/gcc/arm-none-eabi/10.2.0/../../../../arm-none-eabi/lib/armv6k/fpu\libg.a(lib_a-fseek.o)
                0x0000000000111dec                fseek
 .text._fseeko_r
                0x0000000000111e20      0x4f8 c:/devkitpro/devkitarm/bin/../lib/gcc/arm-none-eabi/10.2.0/../../../../arm-none-eabi/lib/armv6k/fpu\libg.a(lib_a-fseeko.o)
                0x0000000000111e20                _fseeko_r
 .text.ftell    0x0000000000112318       0x34 c:/devkitpro/devkitarm/bin/../lib/gcc/arm-none-eabi/10.2.0/../../../../arm-none-eabi/lib/armv6k/fpu\libg.a(lib_a-ftell.o)
                0x0000000000112318                ftell
 .text._ftello_r
                0x000000000011234c      0x1bc c:/devkitpro/devkitarm/bin/../lib/gcc/arm-none-eabi/10.2.0/../../../../arm-none-eabi/lib/armv6k/fpu\libg.a(lib_a-ftello.o)
                0x000000000011234c                _ftello_r
 .text._fwalk   0x0000000000112508       0x68 c:/devkitpro/devkitarm/bin/../lib/gcc/arm-none-eabi/10.2.0/../../../../arm-none-eabi/lib/armv6k/fpu\libg.a(lib_a-fwalk.o)
                0x0000000000112508                _fwalk
 .text._fwalk_reent
                0x0000000000112570       0x70 c:/devkitpro/devkitarm/bin/../lib/gcc/arm-none-eabi/10.2.0/../../../../arm-none-eabi/lib/armv6k/fpu\libg.a(lib_a-fwalk.o)
                0x0000000000112570                _fwalk_reent
 .text.__libc_init_array
                0x00000000001125e0       0x7c c:/devkitpro/devkitarm/bin/../lib/gcc/arm-none-eabi/10.2.0/../../../../arm-none-eabi/lib/armv6k/fpu\libg.a(lib_a-init.o)
                0x00000000001125e0                __libc_init_array
 .text.__smakebuf_r
                0x000000000011265c      0x138 c:/devkitpro/devkitarm/bin/../lib/gcc/arm-none-eabi/10.2.0/../../../../arm-none-eabi/lib/armv6k/fpu\libg.a(lib_a-makebuf.o)
                0x000000000011265c                __smakebuf_r
 .text.__swhatbuf_r
                0x0000000000112794       0x94 c:/devkitpro/devkitarm/bin/../lib/gcc/arm-none-eabi/10.2.0/../../../../arm-none-eabi/lib/armv6k/fpu\libg.a(lib_a-makebuf.o)
                0x0000000000112794                __swhatbuf_r
 .text.memalign
                0x0000000000112828       0x28 c:/devkitpro/devkitarm/bin/../lib/gcc/arm-none-eabi/10.2.0/../../../../arm-none-eabi/lib/armv6k/fpu\libg.a(lib_a-malign.o)
                0x0000000000112828                memalign
 .text._memalign_r
                0x0000000000112850      0x148 c:/devkitpro/devkitarm/bin/../lib/gcc/arm-none-eabi/10.2.0/../../../../arm-none-eabi/lib/armv6k/fpu\libg.a(lib_a-malignr.o)
                0x0000000000112850                _memalign_r
 .text.malloc   0x0000000000112998       0x20 c:/devkitpro/devkitarm/bin/../lib/gcc/arm-none-eabi/10.2.0/../../../../arm-none-eabi/lib/armv6k/fpu\libg.a(lib_a-malloc.o)
                0x0000000000112998                malloc
 .text.free     0x00000000001129b8       0x20 c:/devkitpro/devkitarm/bin/../lib/gcc/arm-none-eabi/10.2.0/../../../../arm-none-eabi/lib/armv6k/fpu\libg.a(lib_a-malloc.o)
                0x00000000001129b8                free
 .text._malloc_r
                0x00000000001129d8      0x7f0 c:/devkitpro/devkitarm/bin/../lib/gcc/arm-none-eabi/10.2.0/../../../../arm-none-eabi/lib/armv6k/fpu\libg.a(lib_a-mallocr.o)
                0x00000000001129d8                _malloc_r
 .text.memchr   0x00000000001131c8       0xe0 c:/devkitpro/devkitarm/bin/../lib/gcc/arm-none-eabi/10.2.0/../../../../arm-none-eabi/lib/armv6k/fpu\libg.a(lib_a-memchr-stub.o)
                0x00000000001131c8                memchr
 .text.memcpy   0x00000000001132a8      0x11c c:/devkitpro/devkitarm/bin/../lib/gcc/arm-none-eabi/10.2.0/../../../../arm-none-eabi/lib/armv6k/fpu\libg.a(lib_a-memcpy-stub.o)
                0x00000000001132a8                memcpy
 .text.memmove  0x00000000001133c4      0x154 c:/devkitpro/devkitarm/bin/../lib/gcc/arm-none-eabi/10.2.0/../../../../arm-none-eabi/lib/armv6k/fpu\libg.a(lib_a-memmove.o)
                0x00000000001133c4                memmove
 .text.memset   0x0000000000113518      0x118 c:/devkitpro/devkitarm/bin/../lib/gcc/arm-none-eabi/10.2.0/../../../../arm-none-eabi/lib/armv6k/fpu\libg.a(lib_a-memset.o)
                0x0000000000113518                memset
 .text.__malloc_lock
                0x0000000000113630        0xc c:/devkitpro/devkitarm/bin/../lib/gcc/arm-none-eabi/10.2.0/../../../../arm-none-eabi/lib/armv6k/fpu\libg.a(lib_a-mlock.o)
                0x0000000000113630                __malloc_lock
 .text.__malloc_unlock
                0x000000000011363c        0xc c:/devkitpro/devkitarm/bin/../lib/gcc/arm-none-eabi/10.2.0/../../../../arm-none-eabi/lib/armv6k/fpu\libg.a(lib_a-mlock.o)
                0x000000000011363c                __malloc_unlock
 .text._puts_r  0x0000000000113648       0xe0 c:/devkitpro/devkitarm/bin/../lib/gcc/arm-none-eabi/10.2.0/../../../../arm-none-eabi/lib/armv6k/fpu\libg.a(lib_a-puts.o)
                0x0000000000113648                _puts_r
 .text.puts     0x0000000000113728       0x20 c:/devkitpro/devkitarm/bin/../lib/gcc/arm-none-eabi/10.2.0/../../../../arm-none-eabi/lib/armv6k/fpu\libg.a(lib_a-puts.o)
                0x0000000000113728                puts
 .text.lflush   0x0000000000113748       0x1c c:/devkitpro/devkitarm/bin/../lib/gcc/arm-none-eabi/10.2.0/../../../../arm-none-eabi/lib/armv6k/fpu\libg.a(lib_a-refill.o)
 .text.__srefill_r
                0x0000000000113764      0x1ac c:/devkitpro/devkitarm/bin/../lib/gcc/arm-none-eabi/10.2.0/../../../../arm-none-eabi/lib/armv6k/fpu\libg.a(lib_a-refill.o)
                0x0000000000113764                __srefill_r
 .text.setvbuf  0x0000000000113910      0x260 c:/devkitpro/devkitarm/bin/../lib/gcc/arm-none-eabi/10.2.0/../../../../arm-none-eabi/lib/armv6k/fpu\libg.a(lib_a-setvbuf.o)
                0x0000000000113910                setvbuf
 .text._raise_r
                0x0000000000113b70       0x98 c:/devkitpro/devkitarm/bin/../lib/gcc/arm-none-eabi/10.2.0/../../../../arm-none-eabi/lib/armv6k/fpu\libg.a(lib_a-signal.o)
                0x0000000000113b70                _raise_r
 .text.raise    0x0000000000113c08       0x20 c:/devkitpro/devkitarm/bin/../lib/gcc/arm-none-eabi/10.2.0/../../../../arm-none-eabi/lib/armv6k/fpu\libg.a(lib_a-signal.o)
                0x0000000000113c08                raise
 .text.sscanf   0x0000000000113c28       0x74 c:/devkitpro/devkitarm/bin/../lib/gcc/arm-none-eabi/10.2.0/../../../../arm-none-eabi/lib/armv6k/fpu\libg.a(lib_a-sscanf.o)
                0x0000000000113c28                sscanf
 .text.__sread  0x0000000000113c9c       0x44 c:/devkitpro/devkitarm/bin/../lib/gcc/arm-none-eabi/10.2.0/../../../../arm-none-eabi/lib/armv6k/fpu\libg.a(lib_a-stdio.o)
                0x0000000000113c9c                __sread
 .text.__seofread
                0x0000000000113ce0        0x8 c:/devkitpro/devkitarm/bin/../lib/gcc/arm-none-eabi/10.2.0/../../../../arm-none-eabi/lib/armv6k/fpu\libg.a(lib_a-stdio.o)
                0x0000000000113ce0                __seofread
 .text.__swrite
                0x0000000000113ce8       0x68 c:/devkitpro/devkitarm/bin/../lib/gcc/arm-none-eabi/10.2.0/../../../../arm-none-eabi/lib/armv6k/fpu\libg.a(lib_a-stdio.o)
                0x0000000000113ce8                __swrite
 .text.__sseek  0x0000000000113d50       0x48 c:/devkitpro/devkitarm/bin/../lib/gcc/arm-none-eabi/10.2.0/../../../../arm-none-eabi/lib/armv6k/fpu\libg.a(lib_a-stdio.o)
                0x0000000000113d50                __sseek
 .text.__sclose
                0x0000000000113d98        0x8 c:/devkitpro/devkitarm/bin/../lib/gcc/arm-none-eabi/10.2.0/../../../../arm-none-eabi/lib/armv6k/fpu\libg.a(lib_a-stdio.o)
                0x0000000000113d98                __sclose
 .text.strlen   0x0000000000113da0       0x5c c:/devkitpro/devkitarm/bin/../lib/gcc/arm-none-eabi/10.2.0/../../../../arm-none-eabi/lib/armv6k/fpu\libg.a(lib_a-strlen-stub.o)
                0x0000000000113da0                strlen
 .text.strncat  0x0000000000113dfc       0xec c:/devkitpro/devkitarm/bin/../lib/gcc/arm-none-eabi/10.2.0/../../../../arm-none-eabi/lib/armv6k/fpu\libg.a(lib_a-strncat.o)
                0x0000000000113dfc                strncat